Component: ARM Compiler 5.05 update 1 (build 106) Tool: armlink [4d0efa]

==============================================================================

Section Cross References

    heap_4.o(i.prvHeapInit) refers to heap_4.o(.bss) for ucHeap
    heap_4.o(i.prvHeapInit) refers to heap_4.o(.data) for xStart
    heap_4.o(i.prvInsertBlockIntoFreeList) refers to heap_4.o(.data) for xStart
    heap_4.o(i.pvPortCalloc) refers to heap_4.o(i.pvPortMalloc) for pvPortMalloc
    heap_4.o(i.pvPortCalloc) refers to rt_memclr.o(.text) for __aeabi_memclr
    heap_4.o(i.pvPortMalloc) refers to tasks.o(i.vTaskSuspendAll) for vTaskSuspendAll
    heap_4.o(i.pvPortMalloc) refers to heap_4.o(i.prvHeapInit) for prvHeapInit
    heap_4.o(i.pvPortMalloc) refers to heap_4.o(i.prvInsertBlockIntoFreeList) for prvInsertBlockIntoFreeList
    heap_4.o(i.pvPortMalloc) refers to tasks.o(i.xTaskResumeAll) for xTaskResumeAll
    heap_4.o(i.pvPortMalloc) refers to heap_4.o(.data) for pxEnd
    heap_4.o(i.vPortFree) refers to tasks.o(i.vTaskSuspendAll) for vTaskSuspendAll
    heap_4.o(i.vPortFree) refers to heap_4.o(i.prvInsertBlockIntoFreeList) for prvInsertBlockIntoFreeList
    heap_4.o(i.vPortFree) refers to tasks.o(i.xTaskResumeAll) for xTaskResumeAll
    heap_4.o(i.vPortFree) refers to heap_4.o(.data) for xFreeBytesRemaining
    heap_4.o(i.vPortGetHeapStats) refers to tasks.o(i.vTaskSuspendAll) for vTaskSuspendAll
    heap_4.o(i.vPortGetHeapStats) refers to tasks.o(i.xTaskResumeAll) for xTaskResumeAll
    heap_4.o(i.vPortGetHeapStats) refers to port.o(i.vPortEnterCritical) for vPortEnterCritical
    heap_4.o(i.vPortGetHeapStats) refers to port.o(i.vPortExitCritical) for vPortExitCritical
    heap_4.o(i.vPortGetHeapStats) refers to heap_4.o(.data) for xStart
    heap_4.o(i.xPortGetFreeHeapSize) refers to heap_4.o(.data) for xFreeBytesRemaining
    heap_4.o(i.xPortGetMinimumEverFreeHeapSize) refers to heap_4.o(.data) for xMinimumEverFreeBytesRemaining
    port.o(.emb_text) refers to tasks.o(i.vTaskSwitchContext) for vTaskSwitchContext
    port.o(.emb_text) refers to tasks.o(.data) for pxCurrentTCB
    port.o(i.SysTick_Handler) refers to tasks.o(i.xTaskIncrementTick) for xTaskIncrementTick
    port.o(i.pxPortInitialiseStack) refers to port.o(i.prvTaskExitError) for prvTaskExitError
    port.o(i.vPortEnterCritical) refers to port.o(.data) for uxCriticalNesting
    port.o(i.vPortExitCritical) refers to port.o(.data) for uxCriticalNesting
    port.o(i.xPortStartScheduler) refers to port.o(i.vPortSetupTimerInterrupt) for vPortSetupTimerInterrupt
    port.o(i.xPortStartScheduler) refers to port.o(.emb_text) for __asm___6_port_c_39a90d8d__prvStartFirstTask
    port.o(i.xPortStartScheduler) refers to port.o(.data) for uxCriticalNesting
    event_groups.o(i.vEventGroupClearBitsCallback) refers to event_groups.o(i.xEventGroupClearBits) for xEventGroupClearBits
    event_groups.o(i.vEventGroupDelete) refers to tasks.o(i.vTaskSuspendAll) for vTaskSuspendAll
    event_groups.o(i.vEventGroupDelete) refers to tasks.o(i.vTaskRemoveFromUnorderedEventList) for vTaskRemoveFromUnorderedEventList
    event_groups.o(i.vEventGroupDelete) refers to tasks.o(i.xTaskResumeAll) for xTaskResumeAll
    event_groups.o(i.vEventGroupDelete) refers to heap_4.o(i.vPortFree) for vPortFree
    event_groups.o(i.vEventGroupSetBitsCallback) refers to event_groups.o(i.xEventGroupSetBits) for xEventGroupSetBits
    event_groups.o(i.xEventGroupClearBits) refers to port.o(i.vPortEnterCritical) for vPortEnterCritical
    event_groups.o(i.xEventGroupClearBits) refers to port.o(i.vPortExitCritical) for vPortExitCritical
    event_groups.o(i.xEventGroupCreate) refers to heap_4.o(i.pvPortMalloc) for pvPortMalloc
    event_groups.o(i.xEventGroupCreate) refers to list.o(i.vListInitialise) for vListInitialise
    event_groups.o(i.xEventGroupSetBits) refers to tasks.o(i.vTaskSuspendAll) for vTaskSuspendAll
    event_groups.o(i.xEventGroupSetBits) refers to tasks.o(i.vTaskRemoveFromUnorderedEventList) for vTaskRemoveFromUnorderedEventList
    event_groups.o(i.xEventGroupSetBits) refers to tasks.o(i.xTaskResumeAll) for xTaskResumeAll
    event_groups.o(i.xEventGroupSync) refers to tasks.o(i.vTaskSuspendAll) for vTaskSuspendAll
    event_groups.o(i.xEventGroupSync) refers to event_groups.o(i.xEventGroupSetBits) for xEventGroupSetBits
    event_groups.o(i.xEventGroupSync) refers to tasks.o(i.vTaskPlaceOnUnorderedEventList) for vTaskPlaceOnUnorderedEventList
    event_groups.o(i.xEventGroupSync) refers to tasks.o(i.xTaskResumeAll) for xTaskResumeAll
    event_groups.o(i.xEventGroupSync) refers to tasks.o(i.uxTaskResetEventItemValue) for uxTaskResetEventItemValue
    event_groups.o(i.xEventGroupSync) refers to port.o(i.vPortEnterCritical) for vPortEnterCritical
    event_groups.o(i.xEventGroupSync) refers to port.o(i.vPortExitCritical) for vPortExitCritical
    event_groups.o(i.xEventGroupWaitBits) refers to tasks.o(i.vTaskSuspendAll) for vTaskSuspendAll
[...]
    __aeabi_memclr8                          0x08000443   Thumb Code     0  rt_memclr_w.o(.text)
    __rt_memclr_w                            0x08000443   Thumb Code    78  rt_memclr_w.o(.text)
    _memset_w                                0x08000447   Thumb Code     0  rt_memclr_w.o(.text)
    strcmp                                   0x08000491   Thumb Code   128  strcmpv7m.o(.text)
    localtime                                0x08000511   Thumb Code     6  localtime.o(.text)
    mktime                                   0x0800055b   Thumb Code   352  mktime.o(.text)
    __use_two_region_memory                  0x080006c5   Thumb Code     2  heapauxi.o(.text)
    __rt_heap_escrow$2region                 0x080006c7   Thumb Code     2  heapauxi.o(.text)
    __rt_heap_expand$2region                 0x080006c9   Thumb Code     2  heapauxi.o(.text)
    __aeabi_uldivmod                         0x080006cb   Thumb Code     0  lludivv7m.o(.text)
    _ll_udiv                                 0x080006cb   Thumb Code   238  lludivv7m.o(.text)
    __read_errno                             0x080007b9   Thumb Code    10  _rserrno.o(.text)
    __set_errno                              0x080007c3   Thumb Code    12  _rserrno.o(.text)
    _localtime_r                             0x080007d1   Thumb Code   178  localtime_internal.o(.text)
    _n$localtime_r                           0x080007d1   Thumb Code     0  localtime_internal.o(.text)
    __aeabi_errno_addr                       0x08000889   Thumb Code     8  rt_errno_addr_intlibspace.o(.text)
    __errno$intlibspace                      0x08000889   Thumb Code     0  rt_errno_addr_intlibspace.o(.text)
    __rt_errno_addr$intlibspace              0x08000889   Thumb Code     0  rt_errno_addr_intlibspace.o(.text)
    __user_libspace                          0x08000891   Thumb Code     8  libspace.o(.text)
    __user_perproc_libspace                  0x08000891   Thumb Code     0  libspace.o(.text)
    __user_perthread_libspace                0x08000891   Thumb Code     0  libspace.o(.text)
    __user_setup_stackheap                   0x08000899   Thumb Code    74  sys_stackheap_outer.o(.text)
    exit                                     0x080008e3   Thumb Code    12  exit.o(.text)
    _sys_exit                                0x080008f1   Thumb Code     8  sys_exit.o(.text)
    __I$use$semihosting                      0x080008fd   Thumb Code     0  use_no_semi.o(.text)
    __use_no_semihosting_swi                 0x080008fd   Thumb Code     2  use_no_semi.o(.text)
    __semihosting_library_function           0x080008ff   Thumb Code     0  indicate_semi.o(.text)
    BKP_ReadBackupRegister                   0x08000901   Thumb Code    24  stm32f10x_bkp.o(i.BKP_ReadBackupRegister)
    BKP_WriteBackupRegister                  0x0800091d   Thumb Code    22  stm32f10x_bkp.o(i.BKP_WriteBackupRegister)
    BodyMenu                                 0x08000939   Thumb Code    24  menu_show_data.o(i.BodyMenu)
    BusFault_Handler                         0x08000955   Thumb Code     4  stm32f10x_it.o(i.BusFault_Handler)
    Clear_Data                               0x08000959   Thumb Code    84  menu_show.o(i.Clear_Data)
    Collect_Initial_Samples                  0x080009c5   Thumb Code   202  max30102read.o(i.Collect_Initial_Samples)
    DS18B20_Check                            0x08000aa1   Thumb Code    84  ds18b20.o(i.DS18B20_Check)
    DS18B20_Get_Temp                         0x08000af9   Thumb Code   136  ds18b20.o(i.DS18B20_Get_Temp)
    DS18B20_Init                             0x08000b85   Thumb Code    54  ds18b20.o(i.DS18B20_Init)
    DS18B20_Mode                             0x08000bc1   Thumb Code    56  ds18b20.o(i.DS18B20_Mode)
    DS18B20_Read_Bit                         0x08000bfd   Thumb Code    68  ds18b20.o(i.DS18B20_Read_Bit)
    DS18B20_Read_Byte                        0x08000c45   Thumb Code    34  ds18b20.o(i.DS18B20_Read_Byte)
    DS18B20_Rst                              0x08000c69   Thumb Code    40  ds18b20.o(i.DS18B20_Rst)
    DS18B20_Start                            0x08000c95   Thumb Code    24  ds18b20.o(i.DS18B20_Start)
    DS18B20_Write_Byte                       0x08000cad   Thumb Code    90  ds18b20.o(i.DS18B20_Write_Byte)
    DebugMon_Handler                         0x08000d0d   Thumb Code     2  stm32f10x_it.o(i.DebugMon_Handler)
    Delay_Init                               0x08000d0f   Thumb Code    54  delay.o(i.Delay_Init)
    Delay_ms                                 0x08000d45   Thumb Code    24  delay.o(i.Delay_ms)
    Delay_us                                 0x08000d5d   Thumb Code    22  delay.o(i.Delay_us)
    Dial_HData_Init                          0x08000d75   Thumb Code    24  dial_hdata.o(i.Dial_HData_Init)
    Dial_HData_Line_HRate                    0x08000d9d   Thumb Code   130  dial_hdata.o(i.Dial_HData_Line_HRate)
    Dial_HData_Line_OxRate                   0x08000e2d   Thumb Code   130  dial_hdata.o(i.Dial_HData_Line_OxRate)
    Dial_HData_Line_Temp                     0x08000ebd   Thumb Code   134  dial_hdata.o(i.Dial_HData_Line_Temp)
    Dial_RunPlate                            0x08000f51   Thumb Code    46  dial.o(i.Dial_RunPlate)
    Dial_ShowDate                            0x08000f99   Thumb Code   126  dial_date.o(i.Dial_ShowDate)
    Dial_ShowSigner                          0x08001019   Thumb Code    24  dial_date.o(i.Dial_ShowSigner)
    Dial_ShowTime_FULL                       0x08001035   Thumb Code   174  dial_date.o(i.Dial_ShowTime_FULL)
    Encoder_Init                             0x080010e9   Thumb Code   162  encoder.o(i.Encoder_Init)
    FunctionMenu                             0x08001195   Thumb Code    24  menu_show_data.o(i.FunctionMenu)
    GPIO_Init                                0x080011b1   Thumb Code   278  stm32f10x_gpio.o(i.GPIO_Init)
    GPIO_ReadInputDataBit                    0x080012c7   Thumb Code    18  stm32f10x_gpio.o(i.GPIO_ReadInputDataBit)
    GPIO_ResetBits                           0x080012d9   Thumb Code     4  stm32f10x_gpio.o(i.GPIO_ResetBits)
    GPIO_SetBits                             0x080012dd   Thumb Code     4  stm32f10x_gpio.o(i.GPIO_SetBits)
    GPIO_WriteBit                            0x080012e1   Thumb Code    10  stm32f10x_gpio.o(i.GPIO_WriteBit)
    HardFault_Handler                        0x080012eb   Thumb Code     4  stm32f10x_it.o(i.HardFault_Handler)
    HealthMenu                               0x080012f1   Thumb Code    24  menu_show_data.o(i.HealthMenu)
    Health_Plate                             0x0800130d   Thumb Code   242  dial_hdata.o(i.Health_Plate)
    Health_Plate_Exit                        0x08001435   Thumb Code     2  dial.o(i.Health_Plate_Exit)
    Key_GetEvent                             0x08001439   Thumb Code    20  key.o(i.Key_GetEvent)
    Key_Init                                 0x08001451   Thumb Code    72  key.o(i.Key_Init)
    LostWeight                               0x080014ad   Thumb Code    56  sport_mode.o(i.LostWeight)
    MAX30102_IIC_Ack                         0x08001511   Thumb Code    48  max30102.o(i.MAX30102_IIC_Ack)
    MAX30102_IIC_Init                        0x08001549   Thumb Code    52  max30102.o(i.MAX30102_IIC_Init)
    MAX30102_IIC_NAck                        0x08001589   Thumb Code    48  max30102.o(i.MAX30102_IIC_NAck)
    MAX30102_IIC_Read_Byte                   0x080015c1   Thumb Code    80  max30102.o(i.MAX30102_IIC_Read_Byte)
    MAX30102_IIC_SDA_IN                      0x08001619   Thumb Code    32  max30102.o(i.MAX30102_IIC_SDA_IN)
    MAX30102_IIC_SDA_OUT                     0x0800163d   Thumb Code    32  max30102.o(i.MAX30102_IIC_SDA_OUT)
    MAX30102_IIC_Send_Byte                   0x08001661   Thumb Code    72  max30102.o(i.MAX30102_IIC_Send_Byte)
    MAX30102_IIC_Start                       0x080016b1   Thumb Code    46  max30102.o(i.MAX30102_IIC_Start)
    MAX30102_IIC_Stop                        0x080016e9   Thumb Code    44  max30102.o(i.MAX30102_IIC_Stop)
    MAX30102_IIC_Wait_Ack                    0x0800171d   Thumb Code    68  max30102.o(i.MAX30102_IIC_Wait_Ack)
    MAX30102_Init                            0x08001769   Thumb Code   130  max30102.o(i.MAX30102_Init)
    MAX30102_Reset                           0x080017f1   Thumb Code    20  max30102.o(i.MAX30102_Reset)
    MPU6050_DMP_Get_Data                     0x08001805   Thumb Code   544  inv_mpu.o(i.MPU6050_DMP_Get_Data)
    MPU6050_DMP_Init                         0x08001a29   Thumb Code    74  inv_mpu.o(i.MPU6050_DMP_Init)
    MPU6050_IIC_IO_Init                      0x08001a79   Thumb Code    32  mpu6050_i2c.o(i.MPU6050_IIC_IO_Init)
    MPU6050_IIC_Read_Ack                     0x08001aa5   Thumb Code    72  mpu6050_i2c.o(i.MPU6050_IIC_Read_Ack)
    MPU6050_IIC_Read_Byte                    0x08001af5   Thumb Code    86  mpu6050_i2c.o(i.MPU6050_IIC_Read_Byte)
    MPU6050_IIC_SDA_IO_IN                    0x08001b55   Thumb Code    22  mpu6050_i2c.o(i.MPU6050_IIC_SDA_IO_IN)
    MPU6050_IIC_SDA_IO_OUT                   0x08001b71   Thumb Code    20  mpu6050_i2c.o(i.MPU6050_IIC_SDA_IO_OUT)
    MPU6050_IIC_Send_Ack                     0x08001b89   Thumb Code    48  mpu6050_i2c.o(i.MPU6050_IIC_Send_Ack)
    MPU6050_IIC_Send_Byte                    0x08001bc1   Thumb Code    90  mpu6050_i2c.o(i.MPU6050_IIC_Send_Byte)
    MPU6050_IIC_Start                        0x08001c25   Thumb Code    46  mpu6050_i2c.o(i.MPU6050_IIC_Start)
    MPU6050_IIC_Stop                         0x08001c5d   Thumb Code    52  mpu6050_i2c.o(i.MPU6050_IIC_Stop)
    MemManage_Handler                        0x08001c99   Thumb Code     4  stm32f10x_it.o(i.MemManage_Handler)
    Menu_GetOptionStrLen                     0x08001c9d   Thumb Code    40  menu_show.o(i.Menu_GetOptionStrLen)
    MyRTC_Init                               0x08001cc5   Thumb Code   114  myrtc.o(i.MyRTC_Init)
    MyRTC_ReadTime                           0x08001d39   Thumb Code    68  myrtc.o(i.MyRTC_ReadTime)
    MyRTC_SetTime                            0x08001d81   Thumb Code    70  myrtc.o(i.MyRTC_SetTime)
    My_GPIO_Init                             0x08001dcd   Thumb Code   172  gpio.o(i.My_GPIO_Init)
    NMI_Handler                              0x08001e7d   Thumb Code     2  stm32f10x_it.o(i.NMI_Handler)
    NVIC_Init                                0x08001e81   Thumb Code   100  misc.o(i.NVIC_Init)
    NVIC_PriorityGroupConfig                 0x08001ef1   Thumb Code    10  misc.o(i.NVIC_PriorityGroupConfig)
    OLED_Clear                               0x08001f05   Thumb Code    36  oled.o(i.OLED_Clear)
    OLED_ClearArea                           0x08001f2d   Thumb Code   140  oled.o(i.OLED_ClearArea)
    OLED_DisplayBuffMove                     0x08001fbd   Thumb Code   114  oled.o(i.OLED_DisplayBuffMove)
    OLED_DrawPoint                           0x08002035   Thumb Code    76  oled.o(i.OLED_DrawPoint)
    OLED_GPIO_Init                           0x08002085   Thumb Code    92  oled.o(i.OLED_GPIO_Init)
    OLED_I2C_SendByte                        0x080020e5   Thumb Code    62  oled.o(i.OLED_I2C_SendByte)
    OLED_I2C_Start                           0x08002123   Thumb Code    28  oled.o(i.OLED_I2C_Start)
    OLED_I2C_Stop                            0x0800213f   Thumb Code    22  oled.o(i.OLED_I2C_Stop)
    OLED_Init                                0x08002155   Thumb Code   154  oled.o(i.OLED_Init)
    OLED_Pow                                 0x080021ef   Thumb Code    20  oled.o(i.OLED_Pow)
    OLED_ReverseArea                         0x08002205   Thumb Code   140  oled.o(i.OLED_ReverseArea)
    OLED_SetContrast                         0x08002295   Thumb Code    18  oled.o(i.OLED_SetContrast)
    OLED_SetCursor                           0x080022a7   Thumb Code    38  oled.o(i.OLED_SetCursor)
    OLED_ShowChar                            0x080022cd   Thumb Code    82  oled.o(i.OLED_ShowChar)
    OLED_ShowImage                           0x08002329   Thumb Code   248  oled.o(i.OLED_ShowImage)
    OLED_ShowNum                             0x08002425   Thumb Code    76  oled.o(i.OLED_ShowNum)
    OLED_ShowNum_Left                        0x08002471   Thumb Code   158  oled_addition.o(i.OLED_ShowNum_Left)
    OLED_ShowString                          0x08002511   Thumb Code   262  oled.o(i.OLED_ShowString)
    OLED_ShowString_12X12                    0x08002621   Thumb Code   228  oled_addition.o(i.OLED_ShowString_12X12)
    OLED_ShowString_Line                     0x0800270d   Thumb Code   258  oled.o(i.OLED_ShowString_Line)
    OLED_Update                              0x08002819   Thumb Code    36  oled.o(i.OLED_Update)
    OLED_W_SCL                               0x08002841   Thumb Code    18  oled.o(i.OLED_W_SCL)
    OLED_W_SDA                               0x08002859   Thumb Code    18  oled.o(i.OLED_W_SDA)
    OLED_WriteCommand                        0x08002871   Thumb Code    32  oled.o(i.OLED_WriteCommand)
    OLED_WriteData                           0x08002891   Thumb Code    46  oled.o(i.OLED_WriteData)
    PWR_BackupAccessCmd                      0x080028c1   Thumb Code     6  stm32f10x_pwr.o(i.PWR_BackupAccessCmd)
    Plate_ShowName                           0x080028cd   Thumb Code    52  dial.o(i.Plate_ShowName)
    Process_Sensor_Data                      0x08002901   Thumb Code   470  max30102read.o(i.Process_Sensor_Data)
    RCC_APB1PeriphClockCmd                   0x08002af5   Thumb Code    26  stm32f10x_rcc.o(i.RCC_APB1PeriphClockCmd)
    RCC_APB2PeriphClockCmd                   0x08002b15   Thumb Code    26  stm32f10x_rcc.o(i.RCC_APB2PeriphClockCmd)
    RCC_GetClocksFreq                        0x08002b35   Thumb Code   192  stm32f10x_rcc.o(i.RCC_GetClocksFreq)
    RCC_GetFlagStatus                        0x08002c09   Thumb Code    56  stm32f10x_rcc.o(i.RCC_GetFlagStatus)
    RCC_LSEConfig                            0x08002c45   Thumb Code    46  stm32f10x_rcc.o(i.RCC_LSEConfig)
    RCC_RTCCLKCmd                            0x08002c79   Thumb Code     6  stm32f10x_rcc.o(i.RCC_RTCCLKCmd)
    RCC_RTCCLKConfig                         0x08002c85   Thumb Code    12  stm32f10x_rcc.o(i.RCC_RTCCLKConfig)
    RTC_EnterConfigMode                      0x08002c95   Thumb Code    14  stm32f10x_rtc.o(i.RTC_EnterConfigMode)
    RTC_ExitConfigMode                       0x08002ca9   Thumb Code    16  stm32f10x_rtc.o(i.RTC_ExitConfigMode)
    RTC_GetCounter                           0x08002cbd   Thumb Code    16  stm32f10x_rtc.o(i.RTC_GetCounter)
    RTC_SetCounter                           0x08002cd1   Thumb Code    24  stm32f10x_rtc.o(i.RTC_SetCounter)
    RTC_SetPrescaler                         0x08002ced   Thumb Code    26  stm32f10x_rtc.o(i.RTC_SetPrescaler)
    RTC_WaitForLastTask                      0x08002d0d   Thumb Code    16  stm32f10x_rtc.o(i.RTC_WaitForLastTask)
    RTC_WaitForSynchro                       0x08002d21   Thumb Code    30  stm32f10x_rtc.o(i.RTC_WaitForSynchro)
    Run_List_Menu                            0x08002d45   Thumb Code   338  menu_show.o(i.Run_List_Menu)
    Sensor_Init                              0x08002e99   Thumb Code    30  max30102read.o(i.Sensor_Init)
    Serial_Init                              0x08002ec1   Thumb Code   174  serial.o(i.Serial_Init)
    SetShowMenu                              0x08002f79   Thumb Code    24  menu_show_data.o(i.SetShowMenu)
    SettingMenu                              0x0800307d   Thumb Code    24  menu_show_data.o(i.SettingMenu)
    Show_APP                                 0x08003099   Thumb Code    44  dial.o(i.Show_APP)
    Show_Setting                             0x080030c9   Thumb Code    20  dial.o(i.Show_Setting)
    Show_large_num                           0x080030e1   Thumb Code   210  dial_date.o(i.Show_large_num)
    Sport_MODE_Init                          0x080031dd   Thumb Code    22  sport_mode.o(i.Sport_MODE_Init)
    Sport_getData                            0x080031f5   Thumb Code    28  sport_mode.o(i.Sport_getData)
    SysTick_Handler                          0x08003215   Thumb Code    46  port.o(i.SysTick_Handler)
    SystemInit                               0x08003249   Thumb Code    78  system_stm32f10x.o(i.SystemInit)
    System_Init                              0x080032a9   Thumb Code     8  max30102read.o(i.System_Init)
    TIM_Cmd                                  0x080034f1   Thumb Code    24  stm32f10x_tim.o(i.TIM_Cmd)
    TIM_EncoderInterfaceConfig               0x08003509   Thumb Code    66  stm32f10x_tim.o(i.TIM_EncoderInterfaceConfig)
    TIM_ICInit                               0x0800354d   Thumb Code   150  stm32f10x_tim.o(i.TIM_ICInit)
    TIM_ICStructInit                         0x080035f9   Thumb Code    18  stm32f10x_tim.o(i.TIM_ICStructInit)
    TIM_SetCounter                           0x0800360b   Thumb Code     4  stm32f10x_tim.o(i.TIM_SetCounter)
    TIM_SetIC1Prescaler                      0x0800360f   Thumb Code    18  stm32f10x_tim.o(i.TIM_SetIC1Prescaler)
    TIM_SetIC2Prescaler                      0x08003621   Thumb Code    26  stm32f10x_tim.o(i.TIM_SetIC2Prescaler)
    TIM_SetIC3Prescaler                      0x0800363b   Thumb Code    18  stm32f10x_tim.o(i.TIM_SetIC3Prescaler)
    TIM_SetIC4Prescaler                      0x0800364d   Thumb Code    26  stm32f10x_tim.o(i.TIM_SetIC4Prescaler)
    TIM_TimeBaseInit                         0x08003669   Thumb Code   122  stm32f10x_tim.o(i.TIM_TimeBaseInit)
    TimeMenu                                 0x0800370d   Thumb Code    24  menu_show_data.o(i.TimeMenu)
    Time_Plate                               0x08003729   Thumb Code    60  dial_date.o(i.Time_Plate)
    Time_Plate_Exit                          0x08003769   Thumb Code     2  dial_date.o(i.Time_Plate_Exit)
    USART1_IRQHandler                        0x0800376d   Thumb Code   148  serial.o(i.USART1_IRQHandler)
    USART_ClearITPendingBit                  0x08003815   Thumb Code    30  stm32f10x_usart.o(i.USART_ClearITPendingBit)
    USART_Cmd                                0x08003833   Thumb Code    24  stm32f10x_usart.o(i.USART_Cmd)
    USART_GetITStatus                        0x0800384b   Thumb Code    84  stm32f10x_usart.o(i.USART_GetITStatus)
    USART_ITConfig                           0x0800389f   Thumb Code    74  stm32f10x_usart.o(i.USART_ITConfig)
    USART_Init                               0x080038e9   Thumb Code   210  stm32f10x_usart.o(i.USART_Init)
    USART_ReceiveData                        0x080039c1   Thumb Code    10  stm32f10x_usart.o(i.USART_ReceiveData)
    UsageFault_Handler                       0x080039cb   Thumb Code     4  stm32f10x_it.o(i.UsageFault_Handler)
    __ARM_fpclassify                         0x080039cf   Thumb Code    40  fpclassify.o(i.__ARM_fpclassify)
    __kernel_poly                            0x080039f7   Thumb Code   170  poly.o(i.__kernel_poly)
    __mathlib_dbl_infnan                     0x08003aa1   Thumb Code     6  dunder.o(i.__mathlib_dbl_infnan)
    __mathlib_dbl_infnan2                    0x08003aa7   Thumb Code     4  dunder.o(i.__mathlib_dbl_infnan2)
    __mathlib_dbl_invalid                    0x08003aab   Thumb Code    12  dunder.o(i.__mathlib_dbl_invalid)
    __mathlib_dbl_underflow                  0x08003ab9   Thumb Code    10  dunder.o(i.__mathlib_dbl_underflow)
    asin                                     0x08003b71   Thumb Code   572  asin.o(i.asin)
    atan                                     0x08003de1   Thumb Code   474  atan.o(i.atan)
    atan2                                    0x08004001   Thumb Code   346  atan2.o(i.atan2)
    body_set_high                            0x08004181   Thumb Code   100  sport_mode.o(i.body_set_high)
    body_set_mode                            0x080041ed   Thumb Code   152  sport_mode.o(i.body_set_mode)
    body_set_wight                           0x080042a9   Thumb Code   100  sport_mode.o(i.body_set_wight)
    delay_init                               0x08004379   Thumb Code     8  delay.o(i.delay_init)
    delay_ms                                 0x08004381   Thumb Code    12  delay.o(i.delay_ms)
    delay_us                                 0x0800438d   Thumb Code    12  delay.o(i.delay_us)
    dmp_enable_6x_lp_quat                    0x08004399   Thumb Code    60  inv_mpu_dmp_motion_driver.o(i.dmp_enable_6x_lp_quat)
    dmp_enable_feature                       0x080043d5   Thumb Code   530  inv_mpu_dmp_motion_driver.o(i.dmp_enable_feature)
    dmp_enable_gyro_cal                      0x080045f1   Thumb Code    62  inv_mpu_dmp_motion_driver.o(i.dmp_enable_gyro_cal)
    dmp_enable_lp_quat                       0x08004649   Thumb Code    60  inv_mpu_dmp_motion_driver.o(i.dmp_enable_lp_quat)
    dmp_get_pedometer_step_count             0x08004685   Thumb Code    66  inv_mpu_dmp_motion_driver.o(i.dmp_get_pedometer_step_count)
    dmp_load_motion_driver_firmware          0x080046c9   Thumb Code    20  inv_mpu_dmp_motion_driver.o(i.dmp_load_motion_driver_firmware)
    dmp_read_fifo                            0x080046e1   Thumb Code   450  inv_mpu_dmp_motion_driver.o(i.dmp_read_fifo)
    dmp_set_accel_bias                       0x080048a9   Thumb Code   300  inv_mpu_dmp_motion_driver.o(i.dmp_set_accel_bias)
    dmp_set_fifo_rate                        0x080049d9   Thumb Code    96  inv_mpu_dmp_motion_driver.o(i.dmp_set_fifo_rate)
    dmp_set_gyro_bias                        0x08004a49   Thumb Code   294  inv_mpu_dmp_motion_driver.o(i.dmp_set_gyro_bias)
    dmp_set_orientation                      0x08004b79   Thumb Code   290  inv_mpu_dmp_motion_driver.o(i.dmp_set_orientation)
    dmp_set_pedometer_step_count             0x08004cb1   Thumb Code    42  inv_mpu_dmp_motion_driver.o(i.dmp_set_pedometer_step_count)
    dmp_set_shake_reject_thresh              0x08004cdb   Thumb Code    56  inv_mpu_dmp_motion_driver.o(i.dmp_set_shake_reject_thresh)
    dmp_set_shake_reject_time                0x08004d13   Thumb Code    38  inv_mpu_dmp_motion_driver.o(i.dmp_set_shake_reject_time)
    dmp_set_shake_reject_timeout             0x08004d39   Thumb Code    38  inv_mpu_dmp_motion_driver.o(i.dmp_set_shake_reject_timeout)
    dmp_set_tap_axes                         0x08004d5f   Thumb Code    70  inv_mpu_dmp_motion_driver.o(i.dmp_set_tap_axes)
    dmp_set_tap_count                        0x08004da5   Thumb Code    38  inv_mpu_dmp_motion_driver.o(i.dmp_set_tap_count)
    dmp_set_tap_thresh                       0x08004dcd   Thumb Code   396  inv_mpu_dmp_motion_driver.o(i.dmp_set_tap_thresh)
    dmp_set_tap_time                         0x08004f6d   Thumb Code    38  inv_mpu_dmp_motion_driver.o(i.dmp_set_tap_time)
    dmp_set_tap_time_multi                   0x08004f93   Thumb Code    38  inv_mpu_dmp_motion_driver.o(i.dmp_set_tap_time_multi)
    getDaysInMonth                           0x08004fb9   Thumb Code   104  dial_date.o(i.getDaysInMonth)
    get_Num_Len                              0x08005021   Thumb Code    22  dial_date.o(i.get_Num_Len)
    inv_orientation_matrix_to_scalar         0x0800566d   Thumb Code    40  inv_mpu.o(i.inv_orientation_matrix_to_scalar)
    inv_row_2_scale                          0x08005695   Thumb Code    78  inv_mpu.o(i.inv_row_2_scale)
    main                                     0x080056e3   Thumb Code    12  main.o(i.main)
    max30102_Bus_Read                        0x080056ef   Thumb Code    82  max30102.o(i.max30102_Bus_Read)
    max30102_Bus_Write                       0x08005741   Thumb Code    68  max30102.o(i.max30102_Bus_Write)
    max30102_FIFO_ReadBytes                  0x08005785   Thumb Code   128  max30102.o(i.max30102_FIFO_ReadBytes)
    maxim_find_peaks                         0x08005805   Thumb Code    66  max30102.o(i.maxim_find_peaks)
    maxim_heart_rate_and_oxygen_saturation   0x08005849   Thumb Code  1272  max30102.o(i.maxim_heart_rate_and_oxygen_saturation)
    maxim_peaks_above_min_height             0x08005d49   Thumb Code   122  max30102.o(i.maxim_peaks_above_min_height)
    maxim_remove_close_peaks                 0x08005dc3   Thumb Code   114  max30102.o(i.maxim_remove_close_peaks)
    maxim_sort_ascend                        0x08005e35   Thumb Code    54  max30102.o(i.maxim_sort_ascend)
    maxim_sort_indices_descend               0x08005e6b   Thumb Code    64  max30102.o(i.maxim_sort_indices_descend)
    mpu6050_read                             0x08005eab   Thumb Code    92  mpu6050.o(i.mpu6050_read)
    mpu6050_write                            0x08005f07   Thumb Code    68  mpu6050.o(i.mpu6050_write)
    mpu_configure_fifo                       0x08005f4d   Thumb Code   106  inv_mpu.o(i.mpu_configure_fifo)
    mpu_get_accel_fsr                        0x08005fbd   Thumb Code    72  inv_mpu.o(i.mpu_get_accel_fsr)
    mpu_get_accel_sens                       0x08006009   Thumb Code    78  inv_mpu.o(i.mpu_get_accel_sens)
    mpu_get_fifo_config                      0x0800605d   Thumb Code    12  inv_mpu.o(i.mpu_get_fifo_config)
    mpu_get_gyro_fsr                         0x0800606d   Thumb Code    64  inv_mpu.o(i.mpu_get_gyro_fsr)
    mpu_get_gyro_sens                        0x080060b1   Thumb Code    58  inv_mpu.o(i.mpu_get_gyro_sens)
    mpu_get_lpf                              0x08006101   Thumb Code    74  inv_mpu.o(i.mpu_get_lpf)
    mpu_get_sample_rate                      0x08006151   Thumb Code    26  inv_mpu.o(i.mpu_get_sample_rate)
    mpu_init                                 0x08006171   Thumb Code   396  inv_mpu.o(i.mpu_init)
    mpu_load_firmware                        0x08006301   Thumb Code   180  inv_mpu.o(i.mpu_load_firmware)
    mpu_lp_accel_mode                        0x080063b9   Thumb Code   218  inv_mpu.o(i.mpu_lp_accel_mode)
    mpu_read_fifo_stream                     0x08006499   Thumb Code   186  inv_mpu.o(i.mpu_read_fifo_stream)
    mpu_read_mem                             0x08006559   Thumb Code   122  inv_mpu.o(i.mpu_read_mem)
    mpu_reset_fifo                           0x080065d9   Thumb Code   450  inv_mpu.o(i.mpu_reset_fifo)
    mpu_run_self_test                        0x080067a1   Thumb Code   278  inv_mpu.o(i.mpu_run_self_test)
    mpu_set_accel_fsr                        0x080068bd   Thumb Code   126  inv_mpu.o(i.mpu_set_accel_fsr)
    mpu_set_bypass                           0x08006941   Thumb Code   328  inv_mpu.o(i.mpu_set_bypass)
    mpu_set_dmp_state                        0x08006a8d   Thumb Code   138  inv_mpu.o(i.mpu_set_dmp_state)
    mpu_set_gyro_fsr                         0x08006b1d   Thumb Code   132  inv_mpu.o(i.mpu_set_gyro_fsr)
    mpu_set_int_latched                      0x08006ba5   Thumb Code   102  inv_mpu.o(i.mpu_set_int_latched)
    mpu_set_lpf                              0x08006c11   Thumb Code   126  inv_mpu.o(i.mpu_set_lpf)
    mpu_set_sample_rate                      0x08006c95   Thumb Code   152  inv_mpu.o(i.mpu_set_sample_rate)
    mpu_set_sensors                          0x08006d31   Thumb Code   202  inv_mpu.o(i.mpu_set_sensors)
    mpu_write_mem                            0x08006e01   Thumb Code   122  inv_mpu.o(i.mpu_write_mem)
    power                                    0x08006e81   Thumb Code    20  gpio.o(i.power)
    pvPortMalloc                             0x0800742d   Thumb Code   208  heap_4.o(i.pvPortMalloc)
    pxPortInitialiseStack                    0x08007511   Thumb Code    30  port.o(i.pxPortInitialiseStack)
    run_self_test                            0x08007535   Thumb Code   148  inv_mpu.o(i.run_self_test)
    set_Bright                               0x080075c9   Thumb Code   124  menu_show.o(i.set_Bright)
    set_day                                  0x08007651   Thumb Code   174  dial_date.o(i.set_day)
    set_hour                                 0x08007709   Thumb Code   156  dial_date.o(i.set_hour)
    set_min                                  0x0800783d   Thumb Code   156  dial_date.o(i.set_min)
    set_month                                0x080078e1   Thumb Code   192  dial_date.o(i.set_month)
    set_year                                 0x080079a9   Thumb Code   128  dial_date.o(i.set_year)
    sqrt                                     0x08007a31   Thumb Code    76  sqrt.o(i.sqrt)
    test_Dial_RunPlate                       0x08007a7d   Thumb Code    54  main.o(i.test_Dial_RunPlate)
    uxListRemove                             0x08007ac5   Thumb Code    40  list.o(i.uxListRemove)
    vDialShow_Task                           0x08007aed   Thumb Code   232  dial.o(i.vDialShow_Task)
    vKeyScanTask                             0x08007bd9   Thumb Code   180  key.o(i.vKeyScanTask)
    vListInitialise                          0x08007c95   Thumb Code    26  list.o(i.vListInitialise)
    vListInitialiseItem                      0x08007caf   Thumb Code     6  list.o(i.vListInitialiseItem)
    vListInsert                              0x08007cb5   Thumb Code    52  list.o(i.vListInsert)
    vPortEnterCritical                       0x08007ce9   Thumb Code    30  port.o(i.vPortEnterCritical)
    vPortExitCritical                        0x08007d0d   Thumb Code    28  port.o(i.vPortExitCritical)
    vPortFree                                0x08007d2d   Thumb Code    68  heap_4.o(i.vPortFree)
    vPortSetupTimerInterrupt                 0x08007d79   Thumb Code    20  port.o(i.vPortSetupTimerInterrupt)
    vTaskDelay                               0x08007d91   Thumb Code    46  tasks.o(i.vTaskDelay)
    vTaskInternalSetTimeOutState             0x08007dc5   Thumb Code    14  tasks.o(i.vTaskInternalSetTimeOutState)
    vTaskMissedYield                         0x08007ddd   Thumb Code     8  tasks.o(i.vTaskMissedYield)
    vTaskPlaceOnEventList                    0x08007de9   Thumb Code    28  tasks.o(i.vTaskPlaceOnEventList)
    vTaskStartScheduler                      0x08007e09   Thumb Code    76  tasks.o(i.vTaskStartScheduler)
    vTaskSuspendAll                          0x08007e75   Thumb Code    12  tasks.o(i.vTaskSuspendAll)
    vTaskSwitchContext                       0x08007e85   Thumb Code    76  tasks.o(i.vTaskSwitchContext)
    vUpdateData                              0x08007ee5   Thumb Code    60  dial_hdata.o(i.vUpdateData)
    whatEat                                  0x08007f31   Thumb Code    52  sport_mode.o(i.whatEat)
    xPortStartScheduler                      0x08007f9d   Thumb Code    42  port.o(i.xPortStartScheduler)
    xQueueGenericCreate                      0x08007fd1   Thumb Code    76  queue.o(i.xQueueGenericCreate)
    xQueueGenericReset                       0x0800801d   Thumb Code   156  queue.o(i.xQueueGenericReset)
    xQueueGenericSend                        0x080080bd   Thumb Code   276  queue.o(i.xQueueGenericSend)
    xQueueReceive                            0x080081d5   Thumb Code   256  queue.o(i.xQueueReceive)
    xTaskCheckForTimeOut                     0x080082d9   Thumb Code    88  tasks.o(i.xTaskCheckForTimeOut)
    xTaskCreate                              0x08008339   Thumb Code   104  tasks.o(i.xTaskCreate)
    xTaskDelayUntil                          0x080083a1   Thumb Code   108  tasks.o(i.xTaskDelayUntil)
    xTaskGetTickCount                        0x08008415   Thumb Code     6  tasks.o(i.xTaskGetTickCount)
    xTaskIncrementTick                       0x08008421   Thumb Code   356  tasks.o(i.xTaskIncrementTick)
    xTaskRemoveFromEventList                 0x080085b1   Thumb Code   240  tasks.o(i.xTaskRemoveFromEventList)
    xTaskResumeAll                           0x080086b9   Thumb Code   310  tasks.o(i.xTaskResumeAll)
    __aeabi_d2f                              0x08008815   Thumb Code     0  d2f.o(x$fpl$d2f)
    _d2f                                     0x08008815   Thumb Code    98  d2f.o(x$fpl$d2f)
    __aeabi_dadd                             0x08008879   Thumb Code     0  daddsub_clz.o(x$fpl$dadd)
    _dadd                                    0x08008879   Thumb Code   332  daddsub_clz.o(x$fpl$dadd)
    __fpl_dcheck_NaN1                        0x080089c9   Thumb Code    10  dcheck1.o(x$fpl$dcheck1)
    __aeabi_ddiv                             0x080089d9   Thumb Code     0  ddiv.o(x$fpl$ddiv)
    _ddiv                                    0x080089d9   Thumb Code   552  ddiv.o(x$fpl$ddiv)
    __aeabi_d2iz                             0x08008c89   Thumb Code     0  dfix.o(x$fpl$dfix)
    _dfix                                    0x08008c89   Thumb Code    94  dfix.o(x$fpl$dfix)
    __aeabi_dmul                             0x08008ce9   Thumb Code     0  dmul.o(x$fpl$dmul)
    _dmul                                    0x08008ce9   Thumb Code   332  dmul.o(x$fpl$dmul)
    __fpl_dnaninf                            0x08008e3d   Thumb Code   156  dnaninf.o(x$fpl$dnaninf)
    __fpl_dretinf                            0x08008ed9   Thumb Code    12  dretinf.o(x$fpl$dretinf)
    __aeabi_drsub                            0x08008ee5   Thumb Code     0  daddsub_clz.o(x$fpl$drsb)
    _drsb                                    0x08008ee5   Thumb Code    22  daddsub_clz.o(x$fpl$drsb)
    _dsqrt                                   0x08008efd   Thumb Code   456  dsqrt_noumaal.o(x$fpl$dsqrt)
    __aeabi_dsub                             0x080090c9   Thumb Code     0  daddsub_clz.o(x$fpl$dsub)
    _dsub                                    0x080090c9   Thumb Code   464  daddsub_clz.o(x$fpl$dsub)
    __aeabi_f2d                              0x0800929d   Thumb Code     0  f2d.o(x$fpl$f2d)
    _f2d                                     0x0800929d   Thumb Code    86  f2d.o(x$fpl$f2d)
    __aeabi_fadd                             0x080092f5   Thumb Code     0  faddsub_clz.o(x$fpl$fadd)
    _fadd                                    0x080092f5   Thumb Code   196  faddsub_clz.o(x$fpl$fadd)
    __fpl_fcmp_Inf                           0x080093b9   Thumb Code    24  fcmpi.o(x$fpl$fcmpinf)
    __aeabi_fdiv                             0x080093d1   Thumb Code     0  fdiv.o(x$fpl$fdiv)
    _fdiv                                    0x080093d1   Thumb Code   384  fdiv.o(x$fpl$fdiv)
    __aeabi_cfcmpeq                          0x08009555   Thumb Code     0  feqf.o(x$fpl$feqf)
    _fcmpeq                                  0x08009555   Thumb Code   104  feqf.o(x$fpl$feqf)
    __aeabi_f2iz                             0x080095bd   Thumb Code     0  ffix.o(x$fpl$ffix)
    _ffix                                    0x080095bd   Thumb Code    54  ffix.o(x$fpl$ffix)
    __aeabi_f2uiz                            0x080095f5   Thumb Code     0  ffixu.o(x$fpl$ffixu)
    _ffixu                                   0x080095f5   Thumb Code    62  ffixu.o(x$fpl$ffixu)
    __aeabi_i2f                              0x08009635   Thumb Code     0  fflt_clz.o(x$fpl$fflt)
    _fflt                                    0x08009635   Thumb Code    48  fflt_clz.o(x$fpl$fflt)
    __aeabi_ui2f                             0x08009665   Thumb Code     0  fflt_clz.o(x$fpl$ffltu)
    _ffltu                                   0x08009665   Thumb Code    38  fflt_clz.o(x$fpl$ffltu)
    __aeabi_cfcmple                          0x0800968d   Thumb Code     0  fleqf.o(x$fpl$fleqf)
    _fcmple                                  0x0800968d   Thumb Code   104  fleqf.o(x$fpl$fleqf)
    __fpl_fcmple_InfNaN                      0x080096df   Thumb Code     0  fleqf.o(x$fpl$fleqf)
    __aeabi_fmul                             0x080096f5   Thumb Code     0  fmul.o(x$fpl$fmul)
    _fmul                                    0x080096f5   Thumb Code   258  fmul.o(x$fpl$fmul)
    __fpl_fnaninf                            0x080097f7   Thumb Code   140  fnaninf.o(x$fpl$fnaninf)
    __fpl_fretinf                            0x08009883   Thumb Code    10  fretinf.o(x$fpl$fretinf)
    __aeabi_cfrcmple                         0x0800988d   Thumb Code     0  frleqf.o(x$fpl$frleqf)
    _frcmple                                 0x0800988d   Thumb Code    98  frleqf.o(x$fpl$frleqf)
    __aeabi_fsub                             0x080098f1   Thumb Code     0  faddsub_clz.o(x$fpl$fsub)
    _fsub                                    0x080098f1   Thumb Code   234  faddsub_clz.o(x$fpl$fsub)
    __fpl_return_NaN                         0x080099db   Thumb Code   100  retnan.o(x$fpl$retnan)
    __ARM_scalbn                             0x08009a3f   Thumb Code    92  scalbn.o(x$fpl$scalbn)
    __fpl_cmpreturn                          0x08009a9b   Thumb Code    48  trapv.o(x$fpl$trapveneer)
    OLED_F8x16                               0x08009aca   Data        1520  oled_data.o(.constdata)
    __I$use$fp                               0x08009aca   Number         0  usenofp.o(x$fpl$usenofp)
    OLED_F6x8                                0x0800a0ba   Data         570  oled_data.o(.constdata)
    OLED_CF16x16                             0x0800a2f4   Data         770  oled_data.o(.constdata)
    OLED_CF12x12                             0x0800a5f6   Data        2889  oled_data.o(.constdata)
    Diode                                    0x0800b13f   Data          32  oled_data.o(.constdata)
    Num0                                     0x0800b15f   Data          64  oled_data.o(.constdata)
    Num1                                     0x0800b19f   Data          64  oled_data.o(.constdata)
    Num2                                     0x0800b1df   Data          64  oled_data.o(.constdata)
    Num3                                     0x0800b21f   Data          64  oled_data.o(.constdata)
    Num4                                     0x0800b25f   Data          64  oled_data.o(.constdata)
    Num5                                     0x0800b29f   Data          64  oled_data.o(.constdata)
    Num6                                     0x0800b2df   Data          64  oled_data.o(.constdata)
    Num7                                     0x0800b31f   Data          64  oled_data.o(.constdata)
    Num8                                     0x0800b35f   Data          64  oled_data.o(.constdata)
    Num9                                     0x0800b39f   Data          64  oled_data.o(.constdata)
    spit                                     0x0800b3df   Data          48  oled_data.o(.constdata)
    No_Signer                                0x0800b40f   Data          12  oled_data.o(.constdata)
    Setting                                  0x0800b41b   Data         350  oled_data.o(.constdata)
    HRate                                    0x0800b579   Data          24  oled_data.o(.constdata)
    OxRate                                   0x0800b591   Data          24  oled_data.o(.constdata)
    fire                                     0x0800b5a9   Data          24  oled_data.o(.constdata)
    step                                     0x0800b5c1   Data          24  oled_data.o(.constdata)
    barbell                                  0x0800b5d9   Data          24  oled_data.o(.constdata)
    whale                                    0x0800b5f1   Data         250  oled_data.o(.constdata)
    auw_hamm                                 0x0800b6ec   Data          62  max30102.o(.constdata)
    uch_spo2_table                           0x0800b72a   Data         184  max30102.o(.constdata)
    hw                                       0x0800ba54   Data          12  inv_mpu.o(.constdata)
    reg                                      0x0800ba60   Data          27  inv_mpu.o(.constdata)
    test                                     0x0800ba7c   Data          40  inv_mpu.o(.constdata)
    _monlen                                  0x0800c6f0   Data          12  _monlen.o(.constdata)
    __mathlib_zero                           0x0800c798   Data           8  qnan.o(.constdata)
    Region$$Table$$Base                      0x0800c8b8   Number         0  anon$$obj.o(Region$$Table)
    Region$$Table$$Limit                     0x0800c8d8   Number         0  anon$$obj.o(Region$$Table)
    pxCurrentTCB                             0x20000020   Data           4  tasks.o(.data)
    uxTopUsedPriority                        0x20000058   Data           4  tasks.o(.data)
    MyRTC_Time                               0x20000074   Data          12  myrtc.o(.data)
    Serial_RxFlag                            0x20000080   Data           1  serial.o(.data)
    xKeyQueue                                0x20000084   Data           4  key.o(.data)
    OLED_Bright                              0x20000088   Data           1  oled.o(.data)
    display_hr                               0x20000089   Data           1  max30102read.o(.data)
    display_spO2                             0x2000008a   Data           1  max30102read.o(.data)
    buttomHandle                             0x2000008c   Data           4  dial.o(.data)
    DialShow_Handle                          0x20000090   Data           4  dial.o(.data)
    UpdateData_Handle                        0x20000094   Data           4  dial.o(.data)
    HData                                    0x20000098   Data           8  dial_hdata.o(.data)
    body                                     0x200000a0   Data           6  sport_mode.o(.data)
    Serial_RxPacket                          0x200015a8   Data         100  serial.o(.bss)
    OLED_DisplayBuf                          0x2000160c   Data        1024  oled.o(.bss)
    OLED_DisplayBuf1                         0x20001a0c   Data        1024  oled.o(.bss)
    sensor_data                              0x2000356c   Data        4016  max30102read.o(.bss)
    current_result                           0x2000451c   Data          12  max30102read.o(.bss)
    Watch_Posture                            0x20004528   Data          16  sport_mode.o(.bss)
    __libspace_start                         0x20004574   Data          96  libspace.o(.bss)
    __temporary_stack_top$libspace           0x200045d4   Data           0  libspace.o(.bss)



==============================================================================

Memory Map of the image

  Image Entry point : 0x080000ed

  Load Region LR_IROM1 (Base: 0x08000000, Size: 0x0000c9b8, Max: 0x00010000, ABSOLUTE)

    Execution Region ER_IROM1 (Base: 0x08000000, Size: 0x0000c8d8, Max: 0x00010000, ABSOLUTE)

    Base Addr    Size         Type   Attr      Idx    E Section Name        Object

    0x08000000   0x000000ec   Data   RO          897    RESET               startup_stm32f10x_md.o
    0x080000ec   0x00000008   Code   RO         6386  * !!!main             c_w.l(__main.o)
    0x080000f4   0x00000034   Code   RO         6874    !!!scatter          c_w.l(__scatter.o)
    0x08000128   0x0000001a   Code   RO         6876    !!handler_copy      c_w.l(__scatter_copy.o)
    0x08000142   0x00000002   PAD
    0x08000144   0x0000001c   Code   RO         6878    !!handler_zi        c_w.l(__scatter_zi.o)
    0x08000160   0x00000002   Code   RO         6735    .ARM.Collect$$libinit$$00000000  c_w.l(libinit.o)
    0x08000162   0x00000000   Code   RO         6750    .ARM.Collect$$libinit$$00000002  c_w.l(libinit2.o)
    0x08000162   0x00000000   Code   RO         6752    .ARM.Collect$$libinit$$00000004  c_w.l(libinit2.o)
    0x08000162   0x00000000   Code   RO         6755    .ARM.Collect$$libinit$$0000000A  c_w.l(libinit2.o)
    0x08000162   0x00000000   Code   RO         6757    .ARM.Collect$$libinit$$0000000C  c_w.l(libinit2.o)
    0x08000162   0x00000000   Code   RO         6759    .ARM.Collect$$libinit$$0000000E  c_w.l(libinit2.o)
    0x08000162   0x00000000   Code   RO         6762    .ARM.Collect$$libinit$$00000011  c_w.l(libinit2.o)
    0x08000162   0x00000000   Code   RO         6764    .ARM.Collect$$libinit$$00000013  c_w.l(libinit2.o)
    0x08000162   0x00000000   Code   RO         6766    .ARM.Collect$$libinit$$00000015  c_w.l(libinit2.o)
    0x08000162   0x00000000   Code   RO         6768    .ARM.Collect$$libinit$$00000017  c_w.l(libinit2.o)
    0x08000162   0x00000000   Code   RO         6770    .ARM.Collect$$libinit$$00000019  c_w.l(libinit2.o)
    0x08000162   0x00000000   Code   RO         6772    .ARM.Collect$$libinit$$0000001B  c_w.l(libinit2.o)
    0x08000162   0x00000000   Code   RO         6774    .ARM.Collect$$libinit$$0000001D  c_w.l(libinit2.o)
    0x08000162   0x00000000   Code   RO         6776    .ARM.Collect$$libinit$$0000001F  c_w.l(libinit2.o)
    0x08000162   0x00000000   Code   RO         6778    .ARM.Collect$$libinit$$00000021  c_w.l(libinit2.o)
    0x08000162   0x00000000   Code   RO         6780    .ARM.Collect$$libinit$$00000023  c_w.l(libinit2.o)
    0x08000162   0x00000000   Code   RO         6782    .ARM.Collect$$libinit$$00000025  c_w.l(libinit2.o)
    0x08000162   0x00000000   Code   RO         6786    .ARM.Collect$$libinit$$0000002C  c_w.l(libinit2.o)
    0x08000162   0x00000000   Code   RO         6788    .ARM.Collect$$libinit$$0000002E  c_w.l(libinit2.o)
    0x08000162   0x00000000   Code   RO         6790    .ARM.Collect$$libinit$$00000030  c_w.l(libinit2.o)
    0x08000162   0x00000000   Code   RO         6792    .ARM.Collect$$libinit$$00000032  c_w.l(libinit2.o)
    0x08000162   0x00000002   Code   RO         6793    .ARM.Collect$$libinit$$00000033  c_w.l(libinit2.o)
    0x08000164   0x00000002   Code   RO         6825    .ARM.Collect$$libshutdown$$00000000  c_w.l(libshutdown.o)
    0x08000166   0x00000000   Code   RO         6843    .ARM.Collect$$libshutdown$$00000003  c_w.l(libshutdown2.o)
    0x08000166   0x00000000   Code   RO         6846    .ARM.Collect$$libshutdown$$00000006  c_w.l(libshutdown2.o)
    0x08000166   0x00000000   Code   RO         6849    .ARM.Collect$$libshutdown$$00000009  c_w.l(libshutdown2.o)
    0x08000166   0x00000000   Code   RO         6851    .ARM.Collect$$libshutdown$$0000000B  c_w.l(libshutdown2.o)
    0x08000166   0x00000000   Code   RO         6854    .ARM.Collect$$libshutdown$$0000000E  c_w.l(libshutdown2.o)
    0x08000166   0x00000002   Code   RO         6855    .ARM.Collect$$libshutdown$$0000000F  c_w.l(libshutdown2.o)
    0x08000168   0x00000000   Code   RO         6490    .ARM.Collect$$rtentry$$00000000  c_w.l(__rtentry.o)
    0x08000168   0x00000000   Code   RO         6644    .ARM.Collect$$rtentry$$00000002  c_w.l(__rtentry2.o)
    0x08000168   0x00000006   Code   RO         6656    .ARM.Collect$$rtentry$$00000004  c_w.l(__rtentry4.o)
    0x0800016e   0x00000000   Code   RO         6646    .ARM.Collect$$rtentry$$00000009  c_w.l(__rtentry2.o)
    0x0800016e   0x00000004   Code   RO         6647    .ARM.Collect$$rtentry$$0000000A  c_w.l(__rtentry2.o)
    0x08000172   0x00000000   Code   RO         6649    .ARM.Collect$$rtentry$$0000000C  c_w.l(__rtentry2.o)
    0x08000172   0x00000008   Code   RO         6650    .ARM.Collect$$rtentry$$0000000D  c_w.l(__rtentry2.o)
    0x0800017a   0x00000002   Code   RO         6740    .ARM.Collect$$rtexit$$00000000  c_w.l(rtexit.o)
    0x0800017c   0x00000000   Code   RO         6797    .ARM.Collect$$rtexit$$00000002  c_w.l(rtexit2.o)
    0x0800017c   0x00000004   Code   RO         6798    .ARM.Collect$$rtexit$$00000003  c_w.l(rtexit2.o)
    0x08000180   0x00000006   Code   RO         6799    .ARM.Collect$$rtexit$$00000004  c_w.l(rtexit2.o)
    0x08000186   0x00000002   PAD
    0x08000188   0x00000096   Code   RO          103    .emb_text           port.o
    0x0800021e   0x00000002   PAD
    0x08000220   0x00000040   Code   RO          898    .text               startup_stm32f10x_md.o
    0x08000260   0x00000048   Code   RO         6316    .text               c_w.l(llsdiv.o)
    0x080002a8   0x00000058   Code   RO         6355    .text               c_w.l(memcmp.o)
    0x08000300   0x0000008a   Code   RO         6363    .text               c_w.l(rt_memcpy_v6.o)
    0x0800038a   0x00000064   Code   RO         6367    .text               c_w.l(rt_memcpy_w.o)
    0x080003ee   0x00000010   Code   RO         6369    .text               c_w.l(aeabi_memset.o)
    0x080003fe   0x00000044   Code   RO         6371    .text               c_w.l(rt_memclr.o)
    0x08000442   0x0000004e   Code   RO         6373    .text               c_w.l(rt_memclr_w.o)
    0x08000490   0x00000080   Code   RO         6377    .text               c_w.l(strcmpv7m.o)
    0x08000510   0x0000000c   Code   RO         6379    .text               c_w.l(localtime.o)
    0x0800051c   0x000001a8   Code   RO         6382    .text               c_w.l(mktime.o)
    0x080006c4   0x00000006   Code   RO         6384    .text               c_w.l(heapauxi.o)
    0x080006ca   0x000000ee   Code   RO         6491    .text               c_w.l(lludivv7m.o)
    0x080007b8   0x00000016   Code   RO         6493    .text               c_w.l(_rserrno.o)
    0x080007ce   0x00000002   PAD
    0x080007d0   0x000000b8   Code   RO         6565    .text               c_w.l(localtime_internal.o)
    0x08000888   0x00000008   Code   RO         6665    .text               c_w.l(rt_errno_addr_intlibspace.o)
    0x08000890   0x00000008   Code   RO         6684    .text               c_w.l(libspace.o)
    0x08000898   0x0000004a   Code   RO         6687    .text               c_w.l(sys_stackheap_outer.o)
    0x080008e2   0x0000000c   Code   RO         6728    .text               c_w.l(exit.o)
    0x080008ee   0x00000002   PAD
    0x080008f0   0x0000000c   Code   RO         6813    .text               c_w.l(sys_exit.o)
    0x080008fc   0x00000002   Code   RO         6830    .text               c_w.l(use_no_semi.o)
    0x080008fe   0x00000000   Code   RO         6832    .text               c_w.l(indicate_semi.o)
    0x080008fe   0x00000002   PAD
    0x08000900   0x0000001c   Code   RO         1319    i.BKP_ReadBackupRegister  stm32f10x_bkp.o
    0x0800091c   0x0000001c   Code   RO         1323    i.BKP_WriteBackupRegister  stm32f10x_bkp.o
    0x08000938   0x0000001c   Code   RO         5335    i.BodyMenu          menu_show_data.o
    0x08000954   0x00000004   Code   RO         4152    i.BusFault_Handler  stm32f10x_it.o
    0x08000958   0x0000006c   Code   RO         5298    i.Clear_Data        menu_show.o
    0x080009c4   0x000000dc   Code   RO         5169    i.Collect_Initial_Samples  max30102read.o
    0x08000aa0   0x00000058   Code   RO         4912    i.DS18B20_Check     ds18b20.o
    0x08000af8   0x0000008c   Code   RO         4913    i.DS18B20_Get_Temp  ds18b20.o
    0x08000b84   0x0000003c   Code   RO         4914    i.DS18B20_Init      ds18b20.o
    0x08000bc0   0x0000003c   Code   RO         4915    i.DS18B20_Mode      ds18b20.o
    0x08000bfc   0x00000048   Code   RO         4916    i.DS18B20_Read_Bit  ds18b20.o
    0x08000c44   0x00000022   Code   RO         4917    i.DS18B20_Read_Byte  ds18b20.o
    0x08000c66   0x00000002   PAD
    0x08000c68   0x0000002c   Code   RO         4918    i.DS18B20_Rst       ds18b20.o
    0x08000c94   0x00000018   Code   RO         4919    i.DS18B20_Start     ds18b20.o
    0x08000cac   0x00000060   Code   RO         4920    i.DS18B20_Write_Byte  ds18b20.o
    0x08000d0c   0x00000002   Code   RO         4153    i.DebugMon_Handler  stm32f10x_it.o
    0x08000d0e   0x00000036   Code   RO         4197    i.Delay_Init        delay.o
    0x08000d44   0x00000018   Code   RO         4198    i.Delay_ms          delay.o
    0x08000d5c   0x00000016   Code   RO         4200    i.Delay_us          delay.o
    0x08000d72   0x00000002   PAD
    0x08000d74   0x00000028   Code   RO         5484    i.Dial_HData_Init   dial_hdata.o
    0x08000d9c   0x00000090   Code   RO         5485    i.Dial_HData_Line_HRate  dial_hdata.o
    0x08000e2c   0x00000090   Code   RO         5486    i.Dial_HData_Line_OxRate  dial_hdata.o
    0x08000ebc   0x00000094   Code   RO         5487    i.Dial_HData_Line_Temp  dial_hdata.o
    0x08000f50   0x00000048   Code   RO         5212    i.Dial_RunPlate     dial.o
    0x08000f98   0x0000007e   Code   RO         5382    i.Dial_ShowDate     dial_date.o
    0x08001016   0x00000002   PAD
    0x08001018   0x0000001c   Code   RO         5383    i.Dial_ShowSigner   dial_date.o
    0x08001034   0x000000b4   Code   RO         5384    i.Dial_ShowTime_FULL  dial_date.o
    0x080010e8   0x000000ac   Code   RO         4389    i.Encoder_Init      encoder.o
    0x08001194   0x0000001c   Code   RO         5336    i.FunctionMenu      menu_show_data.o
    0x080011b0   0x00000116   Code   RO         2235    i.GPIO_Init         stm32f10x_gpio.o
    0x080012c6   0x00000012   Code   RO         2239    i.GPIO_ReadInputDataBit  stm32f10x_gpio.o
    0x080012d8   0x00000004   Code   RO         2242    i.GPIO_ResetBits    stm32f10x_gpio.o
    0x080012dc   0x00000004   Code   RO         2243    i.GPIO_SetBits      stm32f10x_gpio.o
    0x080012e0   0x0000000a   Code   RO         2246    i.GPIO_WriteBit     stm32f10x_gpio.o
    0x080012ea   0x00000004   Code   RO         4154    i.HardFault_Handler  stm32f10x_it.o
    0x080012ee   0x00000002   PAD
    0x080012f0   0x0000001c   Code   RO         5337    i.HealthMenu        menu_show_data.o
    0x0800130c   0x00000128   Code   RO         5489    i.Health_Plate      dial_hdata.o
    0x08001434   0x00000002   Code   RO         5215    i.Health_Plate_Exit  dial.o
    0x08001436   0x00000002   PAD
    0x08001438   0x00000018   Code   RO         4425    i.Key_GetEvent      key.o
    0x08001450   0x0000005c   Code   RO         4426    i.Key_Init          key.o
    0x080014ac   0x00000064   Code   RO         5539    i.LostWeight        sport_mode.o
    0x08001510   0x00000038   Code   RO         4975    i.MAX30102_IIC_Ack  max30102.o
    0x08001548   0x00000040   Code   RO         4976    i.MAX30102_IIC_Init  max30102.o
    0x08001588   0x00000038   Code   RO         4977    i.MAX30102_IIC_NAck  max30102.o
    0x080015c0   0x00000058   Code   RO         4979    i.MAX30102_IIC_Read_Byte  max30102.o
    0x08001618   0x00000024   Code   RO         4981    i.MAX30102_IIC_SDA_IN  max30102.o
    0x0800163c   0x00000024   Code   RO         4982    i.MAX30102_IIC_SDA_OUT  max30102.o
    0x08001660   0x00000050   Code   RO         4983    i.MAX30102_IIC_Send_Byte  max30102.o
    0x080016b0   0x00000038   Code   RO         4984    i.MAX30102_IIC_Start  max30102.o
    0x080016e8   0x00000034   Code   RO         4985    i.MAX30102_IIC_Stop  max30102.o
    0x0800171c   0x0000004c   Code   RO         4986    i.MAX30102_IIC_Wait_Ack  max30102.o
    0x08001768   0x00000088   Code   RO         4989    i.MAX30102_Init     max30102.o
    0x080017f0   0x00000014   Code   RO         4990    i.MAX30102_Reset    max30102.o
    0x08001804   0x00000224   Code   RO         5655    i.MPU6050_DMP_Get_Data  inv_mpu.o
    0x08001a28   0x00000050   Code   RO         5656    i.MPU6050_DMP_Init  inv_mpu.o
    0x08001a78   0x0000002c   Code   RO         6171    i.MPU6050_IIC_IO_Init  mpu6050_i2c.o
    0x08001aa4   0x00000050   Code   RO         6172    i.MPU6050_IIC_Read_Ack  mpu6050_i2c.o
    0x08001af4   0x00000060   Code   RO         6173    i.MPU6050_IIC_Read_Byte  mpu6050_i2c.o
    0x08001b54   0x0000001c   Code   RO         6174    i.MPU6050_IIC_SDA_IO_IN  mpu6050_i2c.o
    0x08001b70   0x00000018   Code   RO         6175    i.MPU6050_IIC_SDA_IO_OUT  mpu6050_i2c.o
    0x08001b88   0x00000038   Code   RO         6176    i.MPU6050_IIC_Send_Ack  mpu6050_i2c.o
    0x08001bc0   0x00000064   Code   RO         6177    i.MPU6050_IIC_Send_Byte  mpu6050_i2c.o
    0x08001c24   0x00000038   Code   RO         6178    i.MPU6050_IIC_Start  mpu6050_i2c.o
    0x08001c5c   0x0000003c   Code   RO         6179    i.MPU6050_IIC_Stop  mpu6050_i2c.o
    0x08001c98   0x00000004   Code   RO         4155    i.MemManage_Handler  stm32f10x_it.o
    0x08001c9c   0x00000028   Code   RO         5299    i.Menu_GetOptionStrLen  menu_show.o
    0x08001cc4   0x00000072   Code   RO         4254    i.MyRTC_Init        myrtc.o
    0x08001d36   0x00000002   PAD
    0x08001d38   0x00000048   Code   RO         4255    i.MyRTC_ReadTime    myrtc.o
    0x08001d80   0x0000004c   Code   RO         4256    i.MyRTC_SetTime     myrtc.o
    0x08001dcc   0x000000b0   Code   RO         4355    i.My_GPIO_Init      gpio.o
    0x08001e7c   0x00000002   Code   RO         4156    i.NMI_Handler       stm32f10x_it.o
    0x08001e7e   0x00000002   PAD
    0x08001e80   0x00000070   Code   RO         1025    i.NVIC_Init         misc.o
    0x08001ef0   0x00000014   Code   RO         1026    i.NVIC_PriorityGroupConfig  misc.o
    0x08001f04   0x00000028   Code   RO         4455    i.OLED_Clear        oled.o
    0x08001f2c   0x00000090   Code   RO         4456    i.OLED_ClearArea    oled.o
    0x08001fbc   0x00000078   Code   RO         4457    i.OLED_DisplayBuffMove  oled.o
    0x08002034   0x00000050   Code   RO         4463    i.OLED_DrawPoint    oled.o
    0x08002084   0x00000060   Code   RO         4466    i.OLED_GPIO_Init    oled.o
    0x080020e4   0x0000003e   Code   RO         4468    i.OLED_I2C_SendByte  oled.o
    0x08002122   0x0000001c   Code   RO         4469    i.OLED_I2C_Start    oled.o
    0x0800213e   0x00000016   Code   RO         4470    i.OLED_I2C_Stop     oled.o
    0x08002154   0x0000009a   Code   RO         4471    i.OLED_Init         oled.o
    0x080021ee   0x00000014   Code   RO         4473    i.OLED_Pow          oled.o
    0x08002202   0x00000002   PAD
    0x08002204   0x00000090   Code   RO         4476    i.OLED_ReverseArea  oled.o
    0x08002294   0x00000012   Code   RO         4478    i.OLED_SetContrast  oled.o
    0x080022a6   0x00000026   Code   RO         4479    i.OLED_SetCursor    oled.o
    0x080022cc   0x0000005c   Code   RO         4481    i.OLED_ShowChar     oled.o
    0x08002328   0x000000fc   Code   RO         4484    i.OLED_ShowImage    oled.o
    0x08002424   0x0000004c   Code   RO         4485    i.OLED_ShowNum      oled.o
    0x08002470   0x0000009e   Code   RO         4736    i.OLED_ShowNum_Left  oled_addition.o
    0x0800250e   0x00000002   PAD
    0x08002510   0x00000110   Code   RO         4487    i.OLED_ShowString   oled.o
    0x08002620   0x000000ec   Code   RO         4737    i.OLED_ShowString_12X12  oled_addition.o
    0x0800270c   0x0000010c   Code   RO         4489    i.OLED_ShowString_Line  oled.o
    0x08002818   0x00000028   Code   RO         4491    i.OLED_Update       oled.o
    0x08002840   0x00000018   Code   RO         4493    i.OLED_W_SCL        oled.o
    0x08002858   0x00000018   Code   RO         4494    i.OLED_W_SDA        oled.o
    0x08002870   0x00000020   Code   RO         4495    i.OLED_WriteCommand  oled.o
    0x08002890   0x0000002e   Code   RO         4496    i.OLED_WriteData    oled.o
    0x080028be   0x00000002   PAD
    0x080028c0   0x0000000c   Code   RO         2598    i.PWR_BackupAccessCmd  stm32f10x_pwr.o
    0x080028cc   0x00000034   Code   RO         5216    i.Plate_ShowName    dial.o
    0x08002900   0x000001f4   Code   RO         5170    i.Process_Sensor_Data  max30102read.o
    0x08002af4   0x00000020   Code   RO         2663    i.RCC_APB1PeriphClockCmd  stm32f10x_rcc.o
    0x08002b14   0x00000020   Code   RO         2665    i.RCC_APB2PeriphClockCmd  stm32f10x_rcc.o
    0x08002b34   0x000000d4   Code   RO         2673    i.RCC_GetClocksFreq  stm32f10x_rcc.o
    0x08002c08   0x0000003c   Code   RO         2674    i.RCC_GetFlagStatus  stm32f10x_rcc.o
    0x08002c44   0x00000034   Code   RO         2681    i.RCC_LSEConfig     stm32f10x_rcc.o
    0x08002c78   0x0000000c   Code   RO         2688    i.RCC_RTCCLKCmd     stm32f10x_rcc.o
    0x08002c84   0x00000010   Code   RO         2689    i.RCC_RTCCLKConfig  stm32f10x_rcc.o
    0x08002c94   0x00000014   Code   RO         2866    i.RTC_EnterConfigMode  stm32f10x_rtc.o
    0x08002ca8   0x00000014   Code   RO         2867    i.RTC_ExitConfigMode  stm32f10x_rtc.o
    0x08002cbc   0x00000014   Code   RO         2868    i.RTC_GetCounter    stm32f10x_rtc.o
    0x08002cd0   0x0000001c   Code   RO         2874    i.RTC_SetCounter    stm32f10x_rtc.o
    0x08002cec   0x00000020   Code   RO         2875    i.RTC_SetPrescaler  stm32f10x_rtc.o
    0x08002d0c   0x00000014   Code   RO         2876    i.RTC_WaitForLastTask  stm32f10x_rtc.o
    0x08002d20   0x00000024   Code   RO         2877    i.RTC_WaitForSynchro  stm32f10x_rtc.o
    0x08002d44   0x00000152   Code   RO         5300    i.Run_List_Menu     menu_show.o
    0x08002e96   0x00000002   PAD
    0x08002e98   0x00000028   Code   RO         5171    i.Sensor_Init       max30102read.o
    0x08002ec0   0x000000b8   Code   RO         4284    i.Serial_Init       serial.o
    0x08002f78   0x0000001c   Code   RO         5338    i.SetShowMenu       menu_show_data.o
    0x08002f94   0x00000008   Code   RO          912    i.SetSysClock       system_stm32f10x.o
    0x08002f9c   0x000000e0   Code   RO          913    i.SetSysClockTo72   system_stm32f10x.o
    0x0800307c   0x0000001c   Code   RO         5339    i.SettingMenu       menu_show_data.o
    0x08003098   0x00000030   Code   RO         5217    i.Show_APP          dial.o
    0x080030c8   0x00000018   Code   RO         5218    i.Show_Setting      dial.o
    0x080030e0   0x000000fc   Code   RO         5385    i.Show_large_num    dial_date.o
    0x080031dc   0x00000016   Code   RO         5540    i.Sport_MODE_Init   sport_mode.o
    0x080031f2   0x00000002   PAD
    0x080031f4   0x00000020   Code   RO         5541    i.Sport_getData     sport_mode.o
    0x08003214   0x00000034   Code   RO          104    i.SysTick_Handler   port.o
    0x08003248   0x00000060   Code   RO          915    i.SystemInit        system_stm32f10x.o
    0x080032a8   0x00000008   Code   RO         5172    i.System_Init       max30102read.o
    0x080032b0   0x00000080   Code   RO         3293    i.TI1_Config        stm32f10x_tim.o
    0x08003330   0x00000098   Code   RO         3294    i.TI2_Config        stm32f10x_tim.o
    0x080033c8   0x00000090   Code   RO         3295    i.TI3_Config        stm32f10x_tim.o
    0x08003458   0x00000098   Code   RO         3296    i.TI4_Config        stm32f10x_tim.o
    0x080034f0   0x00000018   Code   RO         3309    i.TIM_Cmd           stm32f10x_tim.o
    0x08003508   0x00000042   Code   RO         3318    i.TIM_EncoderInterfaceConfig  stm32f10x_tim.o
    0x0800354a   0x00000002   PAD
    0x0800354c   0x000000ac   Code   RO         3332    i.TIM_ICInit        stm32f10x_tim.o
    0x080035f8   0x00000012   Code   RO         3333    i.TIM_ICStructInit  stm32f10x_tim.o
    0x0800360a   0x00000004   Code   RO         3374    i.TIM_SetCounter    stm32f10x_tim.o
    0x0800360e   0x00000012   Code   RO         3375    i.TIM_SetIC1Prescaler  stm32f10x_tim.o
    0x08003620   0x0000001a   Code   RO         3376    i.TIM_SetIC2Prescaler  stm32f10x_tim.o
    0x0800363a   0x00000012   Code   RO         3377    i.TIM_SetIC3Prescaler  stm32f10x_tim.o
    0x0800364c   0x0000001a   Code   RO         3378    i.TIM_SetIC4Prescaler  stm32f10x_tim.o
    0x08003666   0x00000002   PAD
    0x08003668   0x000000a4   Code   RO         3380    i.TIM_TimeBaseInit  stm32f10x_tim.o
    0x0800370c   0x0000001c   Code   RO         5340    i.TimeMenu          menu_show_data.o
    0x08003728   0x00000040   Code   RO         5386    i.Time_Plate        dial_date.o
    0x08003768   0x00000002   Code   RO         5387    i.Time_Plate_Exit   dial_date.o
    0x0800376a   0x00000002   PAD
    0x0800376c   0x000000a8   Code   RO         4291    i.USART1_IRQHandler  serial.o
    0x08003814   0x0000001e   Code   RO         3845    i.USART_ClearITPendingBit  stm32f10x_usart.o
    0x08003832   0x00000018   Code   RO         3848    i.USART_Cmd         stm32f10x_usart.o
    0x0800384a   0x00000054   Code   RO         3852    i.USART_GetITStatus  stm32f10x_usart.o
    0x0800389e   0x0000004a   Code   RO         3854    i.USART_ITConfig    stm32f10x_usart.o
    0x080038e8   0x000000d8   Code   RO         3855    i.USART_Init        stm32f10x_usart.o
    0x080039c0   0x0000000a   Code   RO         3862    i.USART_ReceiveData  stm32f10x_usart.o
    0x080039ca   0x00000004   Code   RO         4157    i.UsageFault_Handler  stm32f10x_it.o
    0x080039ce   0x00000028   Code   RO         6619    i.__ARM_fpclassify  m_ws.l(fpclassify.o)
    0x080039f6   0x000000aa   Code   RO         6621    i.__kernel_poly     m_ws.l(poly.o)
    0x08003aa0   0x00000006   Code   RO         6606    i.__mathlib_dbl_infnan  m_ws.l(dunder.o)
    0x08003aa6   0x00000004   Code   RO         6607    i.__mathlib_dbl_infnan2  m_ws.l(dunder.o)
    0x08003aaa   0x0000000c   Code   RO         6608    i.__mathlib_dbl_invalid  m_ws.l(dunder.o)
    0x08003ab6   0x00000002   PAD
    0x08003ab8   0x00000010   Code   RO         6611    i.__mathlib_dbl_underflow  m_ws.l(dunder.o)
    0x08003ac8   0x000000a8   Code   RO         5657    i.accel_self_test   inv_mpu.o
    0x08003b70   0x00000270   Code   RO         6455    i.asin              m_ws.l(asin.o)
    0x08003de0   0x00000220   Code   RO         6593    i.atan              m_ws.l(atan.o)
    0x08004000   0x00000180   Code   RO         6465    i.atan2             m_ws.l(atan2.o)
    0x08004180   0x0000006c   Code   RO         5542    i.body_set_high     sport_mode.o
    0x080041ec   0x000000bc   Code   RO         5543    i.body_set_mode     sport_mode.o
    0x080042a8   0x0000006c   Code   RO         5544    i.body_set_wight    sport_mode.o
    0x08004314   0x00000064   Code   RO         5995    i.decode_gesture    inv_mpu_dmp_motion_driver.o
    0x08004378   0x00000008   Code   RO         4202    i.delay_init        delay.o
    0x08004380   0x0000000c   Code   RO         4203    i.delay_ms          delay.o
    0x0800438c   0x0000000c   Code   RO         4204    i.delay_us          delay.o
    0x08004398   0x0000003c   Code   RO         5996    i.dmp_enable_6x_lp_quat  inv_mpu_dmp_motion_driver.o
    0x080043d4   0x0000021c   Code   RO         5997    i.dmp_enable_feature  inv_mpu_dmp_motion_driver.o
    0x080045f0   0x00000058   Code   RO         5998    i.dmp_enable_gyro_cal  inv_mpu_dmp_motion_driver.o
    0x08004648   0x0000003c   Code   RO         5999    i.dmp_enable_lp_quat  inv_mpu_dmp_motion_driver.o
    0x08004684   0x00000042   Code   RO         6002    i.dmp_get_pedometer_step_count  inv_mpu_dmp_motion_driver.o
    0x080046c6   0x00000002   PAD
    0x080046c8   0x00000018   Code   RO         6004    i.dmp_load_motion_driver_firmware  inv_mpu_dmp_motion_driver.o
    0x080046e0   0x000001c8   Code   RO         6005    i.dmp_read_fifo     inv_mpu_dmp_motion_driver.o
    0x080048a8   0x00000130   Code   RO         6008    i.dmp_set_accel_bias  inv_mpu_dmp_motion_driver.o
    0x080049d8   0x00000070   Code   RO         6009    i.dmp_set_fifo_rate  inv_mpu_dmp_motion_driver.o
    0x08004a48   0x00000130   Code   RO         6010    i.dmp_set_gyro_bias  inv_mpu_dmp_motion_driver.o
    0x08004b78   0x00000138   Code   RO         6012    i.dmp_set_orientation  inv_mpu_dmp_motion_driver.o
    0x08004cb0   0x0000002a   Code   RO         6013    i.dmp_set_pedometer_step_count  inv_mpu_dmp_motion_driver.o
    0x08004cda   0x00000038   Code   RO         6015    i.dmp_set_shake_reject_thresh  inv_mpu_dmp_motion_driver.o
    0x08004d12   0x00000026   Code   RO         6016    i.dmp_set_shake_reject_time  inv_mpu_dmp_motion_driver.o
    0x08004d38   0x00000026   Code   RO         6017    i.dmp_set_shake_reject_timeout  inv_mpu_dmp_motion_driver.o
    0x08004d5e   0x00000046   Code   RO         6018    i.dmp_set_tap_axes  inv_mpu_dmp_motion_driver.o
    0x08004da4   0x00000026   Code   RO         6019    i.dmp_set_tap_count  inv_mpu_dmp_motion_driver.o
    0x08004dca   0x00000002   PAD
    0x08004dcc   0x000001a0   Code   RO         6020    i.dmp_set_tap_thresh  inv_mpu_dmp_motion_driver.o
    0x08004f6c   0x00000026   Code   RO         6021    i.dmp_set_tap_time  inv_mpu_dmp_motion_driver.o
    0x08004f92   0x00000026   Code   RO         6022    i.dmp_set_tap_time_multi  inv_mpu_dmp_motion_driver.o
    0x08004fb8   0x00000068   Code   RO         5388    i.getDaysInMonth    dial_date.o
    0x08005020   0x00000016   Code   RO         5389    i.get_Num_Len       dial_date.o
    0x08005036   0x00000002   PAD
    0x08005038   0x000000b4   Code   RO         5658    i.get_accel_prod_shift  inv_mpu.o
    0x080050ec   0x00000470   Code   RO         5660    i.get_st_biases     inv_mpu.o
    0x0800555c   0x00000110   Code   RO         5661    i.gyro_self_test    inv_mpu.o
    0x0800566c   0x00000028   Code   RO         5662    i.inv_orientation_matrix_to_scalar  inv_mpu.o
    0x08005694   0x0000004e   Code   RO         5663    i.inv_row_2_scale   inv_mpu.o
    0x080056e2   0x0000000c   Code   RO         4084    i.main              main.o
    0x080056ee   0x00000052   Code   RO         4991    i.max30102_Bus_Read  max30102.o
    0x08005740   0x00000044   Code   RO         4992    i.max30102_Bus_Write  max30102.o
    0x08005784   0x00000080   Code   RO         4993    i.max30102_FIFO_ReadBytes  max30102.o
    0x08005804   0x00000042   Code   RO         4995    i.maxim_find_peaks  max30102.o
    0x08005846   0x00000002   PAD
    0x08005848   0x00000500   Code   RO         4996    i.maxim_heart_rate_and_oxygen_saturation  max30102.o
    0x08005d48   0x0000007a   Code   RO         5000    i.maxim_peaks_above_min_height  max30102.o
    0x08005dc2   0x00000072   Code   RO         5001    i.maxim_remove_close_peaks  max30102.o
    0x08005e34   0x00000036   Code   RO         5002    i.maxim_sort_ascend  max30102.o
    0x08005e6a   0x00000040   Code   RO         5003    i.maxim_sort_indices_descend  max30102.o
    0x08005eaa   0x0000005c   Code   RO         5614    i.mpu6050_read      mpu6050.o
    0x08005f06   0x00000044   Code   RO         5616    i.mpu6050_write     mpu6050.o
    0x08005f4a   0x00000002   PAD
    0x08005f4c   0x00000070   Code   RO         5664    i.mpu_configure_fifo  inv_mpu.o
    0x08005fbc   0x0000004c   Code   RO         5665    i.mpu_get_accel_fsr  inv_mpu.o
    0x08006008   0x00000054   Code   RO         5667    i.mpu_get_accel_sens  inv_mpu.o
    0x0800605c   0x00000010   Code   RO         5672    i.mpu_get_fifo_config  inv_mpu.o
    0x0800606c   0x00000044   Code   RO         5673    i.mpu_get_gyro_fsr  inv_mpu.o
    0x080060b0   0x00000050   Code   RO         5675    i.mpu_get_gyro_sens  inv_mpu.o
    0x08006100   0x00000050   Code   RO         5677    i.mpu_get_lpf       inv_mpu.o
    0x08006150   0x00000020   Code   RO         5679    i.mpu_get_sample_rate  inv_mpu.o
    0x08006170   0x00000190   Code   RO         5681    i.mpu_init          inv_mpu.o
    0x08006300   0x000000b8   Code   RO         5682    i.mpu_load_firmware  inv_mpu.o
    0x080063b8   0x000000e0   Code   RO         5683    i.mpu_lp_accel_mode  inv_mpu.o
    0x08006498   0x000000c0   Code   RO         5686    i.mpu_read_fifo_stream  inv_mpu.o
    0x08006558   0x00000080   Code   RO         5687    i.mpu_read_mem      inv_mpu.o
    0x080065d8   0x000001c8   Code   RO         5690    i.mpu_reset_fifo    inv_mpu.o
    0x080067a0   0x0000011c   Code   RO         5691    i.mpu_run_self_test  inv_mpu.o
    0x080068bc   0x00000084   Code   RO         5693    i.mpu_set_accel_fsr  inv_mpu.o
    0x08006940   0x0000014c   Code   RO         5694    i.mpu_set_bypass    inv_mpu.o
    0x08006a8c   0x00000090   Code   RO         5696    i.mpu_set_dmp_state  inv_mpu.o
    0x08006b1c   0x00000088   Code   RO         5697    i.mpu_set_gyro_fsr  inv_mpu.o
    0x08006ba4   0x0000006c   Code   RO         5698    i.mpu_set_int_latched  inv_mpu.o
    0x08006c10   0x00000084   Code   RO         5700    i.mpu_set_lpf       inv_mpu.o
    0x08006c94   0x0000009c   Code   RO         5701    i.mpu_set_sample_rate  inv_mpu.o
    0x08006d30   0x000000d0   Code   RO         5702    i.mpu_set_sensors   inv_mpu.o
    0x08006e00   0x00000080   Code   RO         5703    i.mpu_write_mem     inv_mpu.o
    0x08006e80   0x00000014   Code   RO         4357    i.power             gpio.o
    0x08006e94   0x000000c0   Code   RO          589    i.prvAddCurrentTaskToDelayedList  tasks.o
    0x08006f54   0x000000e4   Code   RO          590    i.prvAddNewTaskToReadyList  tasks.o
    0x08007038   0x00000048   Code   RO          591    i.prvCheckTasksWaitingTermination  tasks.o
    0x08007080   0x0000002a   Code   RO          312    i.prvCopyDataFromQueue  queue.o
    0x080070aa   0x0000006a   Code   RO          313    i.prvCopyDataToQueue  queue.o
    0x08007114   0x00000012   Code   RO          592    i.prvDeleteTCB      tasks.o
    0x08007126   0x00000002   PAD
    0x08007128   0x00000070   Code   RO            1    i.prvHeapInit       heap_4.o
    0x08007198   0x00000028   Code   RO          593    i.prvIdleTask       tasks.o
    0x080071c0   0x00000026   Code   RO          314    i.prvInitialiseNewQueue  queue.o
    0x080071e6   0x0000007a   Code   RO          594    i.prvInitialiseNewTask  tasks.o
    0x08007260   0x00000068   Code   RO          595    i.prvInitialiseTaskLists  tasks.o
    0x080072c8   0x00000068   Code   RO            2    i.prvInsertBlockIntoFreeList  heap_4.o
    0x08007330   0x0000001a   Code   RO          315    i.prvIsQueueEmpty   queue.o
    0x0800734a   0x0000001e   Code   RO          316    i.prvIsQueueFull    queue.o
    0x08007368   0x00000030   Code   RO          596    i.prvResetNextTaskUnblockTime  tasks.o
    0x08007398   0x00000016   Code   RO          105    i.prvTaskExitError  port.o
    0x080073ae   0x0000007e   Code   RO          317    i.prvUnlockQueue    queue.o
    0x0800742c   0x000000e4   Code   RO            4    i.pvPortMalloc      heap_4.o
    0x08007510   0x00000024   Code   RO          106    i.pxPortInitialiseStack  port.o
    0x08007534   0x00000094   Code   RO         5704    i.run_self_test     inv_mpu.o
    0x080075c8   0x00000088   Code   RO         5301    i.set_Bright        menu_show.o
    0x08007650   0x000000b8   Code   RO         5390    i.set_day           dial_date.o
    0x08007708   0x000000a4   Code   RO         5391    i.set_hour          dial_date.o
    0x080077ac   0x00000090   Code   RO         5705    i.set_int_enable    inv_mpu.o
    0x0800783c   0x000000a4   Code   RO         5392    i.set_min           dial_date.o
    0x080078e0   0x000000c8   Code   RO         5393    i.set_month         dial_date.o
    0x080079a8   0x00000088   Code   RO         5394    i.set_year          dial_date.o
    0x08007a30   0x0000004c   Code   RO         6636    i.sqrt              m_ws.l(sqrt.o)
    0x08007a7c   0x00000048   Code   RO         4086    i.test_Dial_RunPlate  main.o
    0x08007ac4   0x00000028   Code   RO          276    i.uxListRemove      list.o
    0x08007aec   0x000000ec   Code   RO         5219    i.vDialShow_Task    dial.o
    0x08007bd8   0x000000bc   Code   RO         4427    i.vKeyScanTask      key.o
    0x08007c94   0x0000001a   Code   RO          277    i.vListInitialise   list.o
    0x08007cae   0x00000006   Code   RO          278    i.vListInitialiseItem  list.o
    0x08007cb4   0x00000034   Code   RO          279    i.vListInsert       list.o
    0x08007ce8   0x00000024   Code   RO          108    i.vPortEnterCritical  port.o
    0x08007d0c   0x00000020   Code   RO          109    i.vPortExitCritical  port.o
    0x08007d2c   0x0000004c   Code   RO            5    i.vPortFree         heap_4.o
    0x08007d78   0x00000018   Code   RO          110    i.vPortSetupTimerInterrupt  port.o
    0x08007d90   0x00000034   Code   RO          604    i.vTaskDelay        tasks.o
    0x08007dc4   0x00000018   Code   RO          608    i.vTaskInternalSetTimeOutState  tasks.o
    0x08007ddc   0x0000000c   Code   RO          609    i.vTaskMissedYield  tasks.o
    0x08007de8   0x00000020   Code   RO          610    i.vTaskPlaceOnEventList  tasks.o
    0x08007e08   0x0000006c   Code   RO          616    i.vTaskStartScheduler  tasks.o
    0x08007e74   0x00000010   Code   RO          618    i.vTaskSuspendAll   tasks.o
    0x08007e84   0x00000060   Code   RO          619    i.vTaskSwitchContext  tasks.o
    0x08007ee4   0x0000004c   Code   RO         5490    i.vUpdateData       dial_hdata.o
    0x08007f30   0x0000006c   Code   RO         5546    i.whatEat           sport_mode.o
    0x08007f9c   0x00000034   Code   RO          111    i.xPortStartScheduler  port.o
    0x08007fd0   0x0000004c   Code   RO          322    i.xQueueGenericCreate  queue.o
    0x0800801c   0x000000a0   Code   RO          323    i.xQueueGenericReset  queue.o
    0x080080bc   0x00000118   Code   RO          324    i.xQueueGenericSend  queue.o
    0x080081d4   0x00000104   Code   RO          331    i.xQueueReceive     queue.o
    0x080082d8   0x00000060   Code   RO          621    i.xTaskCheckForTimeOut  tasks.o
    0x08008338   0x00000068   Code   RO          622    i.xTaskCreate       tasks.o
    0x080083a0   0x00000074   Code   RO          623    i.xTaskDelayUntil   tasks.o
    0x08008414   0x0000000c   Code   RO          629    i.xTaskGetTickCount  tasks.o
    0x08008420   0x00000190   Code   RO          631    i.xTaskIncrementTick  tasks.o
    0x080085b0   0x00000108   Code   RO          632    i.xTaskRemoveFromEventList  tasks.o
    0x080086b8   0x0000015c   Code   RO          633    i.xTaskResumeAll    tasks.o
    0x08008814   0x00000062   Code   RO         6388    x$fpl$d2f           fz_ws.l(d2f.o)
    0x08008876   0x00000002   PAD
    0x08008878   0x00000150   Code   RO         6390    x$fpl$dadd          fz_ws.l(daddsub_clz.o)
    0x080089c8   0x00000010   Code   RO         6680    x$fpl$dcheck1       fz_ws.l(dcheck1.o)
    0x080089d8   0x000002b0   Code   RO         6397    x$fpl$ddiv          fz_ws.l(ddiv.o)
    0x08008c88   0x0000005e   Code   RO         6400    x$fpl$dfix          fz_ws.l(dfix.o)
    0x08008ce6   0x00000002   PAD
    0x08008ce8   0x00000154   Code   RO         6416    x$fpl$dmul          fz_ws.l(dmul.o)
    0x08008e3c   0x0000009c   Code   RO         6569    x$fpl$dnaninf       fz_ws.l(dnaninf.o)
    0x08008ed8   0x0000000c   Code   RO         6571    x$fpl$dretinf       fz_ws.l(dretinf.o)
    0x08008ee4   0x00000016   Code   RO         6391    x$fpl$drsb          fz_ws.l(daddsub_clz.o)
    0x08008efa   0x00000002   PAD
    0x08008efc   0x000001cc   Code   RO         6682    x$fpl$dsqrt         fz_ws.l(dsqrt_noumaal.o)
    0x080090c8   0x000001d4   Code   RO         6392    x$fpl$dsub          fz_ws.l(daddsub_clz.o)
    0x0800929c   0x00000056   Code   RO         6420    x$fpl$f2d           fz_ws.l(f2d.o)
    0x080092f2   0x00000002   PAD
    0x080092f4   0x000000c4   Code   RO         6422    x$fpl$fadd          fz_ws.l(faddsub_clz.o)
    0x080093b8   0x00000018   Code   RO         6575    x$fpl$fcmpinf       fz_ws.l(fcmpi.o)
    0x080093d0   0x00000184   Code   RO         6429    x$fpl$fdiv          fz_ws.l(fdiv.o)
    0x08009554   0x00000068   Code   RO         6432    x$fpl$feqf          fz_ws.l(feqf.o)
    0x080095bc   0x00000036   Code   RO         6434    x$fpl$ffix          fz_ws.l(ffix.o)
    0x080095f2   0x00000002   PAD
    0x080095f4   0x0000003e   Code   RO         6438    x$fpl$ffixu         fz_ws.l(ffixu.o)
    0x08009632   0x00000002   PAD
    0x08009634   0x00000030   Code   RO         6443    x$fpl$fflt          fz_ws.l(fflt_clz.o)
    0x08009664   0x00000026   Code   RO         6442    x$fpl$ffltu         fz_ws.l(fflt_clz.o)
    0x0800968a   0x00000002   PAD
    0x0800968c   0x00000068   Code   RO         6448    x$fpl$fleqf         fz_ws.l(fleqf.o)
    0x080096f4   0x00000102   Code   RO         6450    x$fpl$fmul          fz_ws.l(fmul.o)
    0x080097f6   0x0000008c   Code   RO         6577    x$fpl$fnaninf       fz_ws.l(fnaninf.o)
    0x08009882   0x0000000a   Code   RO         6579    x$fpl$fretinf       fz_ws.l(fretinf.o)
    0x0800988c   0x00000062   Code   RO         6452    x$fpl$frleqf        fz_ws.l(frleqf.o)
    0x080098ee   0x00000002   PAD
    0x080098f0   0x000000ea   Code   RO         6424    x$fpl$fsub          fz_ws.l(faddsub_clz.o)
    0x080099da   0x00000064   Code   RO         6738    x$fpl$retnan        fz_ws.l(retnan.o)
    0x08009a3e   0x0000005c   Code   RO         6589    x$fpl$scalbn        fz_ws.l(scalbn.o)
    0x08009a9a   0x00000030   Code   RO         6794    x$fpl$trapveneer    fz_ws.l(trapv.o)
    0x08009aca   0x00000000   Code   RO         6591    x$fpl$usenofp       fz_ws.l(usenofp.o)
    0x08009aca   0x00001c21   Data   RO         4768    .constdata          oled_data.o
    0x0800b6eb   0x00000001   PAD
    0x0800b6ec   0x000000f6   Data   RO         5005    .constdata          max30102.o
    0x0800b7e2   0x00000002   PAD
    0x0800b7e4   0x00000050   Data   RO         5220    .constdata          dial.o
    0x0800b834   0x00000220   Data   RO         5341    .constdata          menu_show_data.o
    0x0800ba54   0x00000050   Data   RO         5706    .constdata          inv_mpu.o
    0x0800baa4   0x00000bf6   Data   RO         6024    .constdata          inv_mpu_dmp_motion_driver.o
    0x0800c69a   0x00000006   PAD
    0x0800c6a0   0x00000050   Data   RO         6456    .constdata          m_ws.l(asin.o)
    0x0800c6f0   0x0000000c   Data   RO         6564    .constdata          c_w.l(_monlen.o)
    0x0800c6fc   0x00000004   PAD
    0x0800c700   0x00000098   Data   RO         6594    .constdata          m_ws.l(atan.o)
    0x0800c798   0x00000008   Data   RO         6623    .constdata          m_ws.l(qnan.o)
    0x0800c7a0   0x00000011   Data   RO         5221    .conststring        dial.o
    0x0800c7b1   0x00000003   PAD
    0x0800c7b4   0x00000101   Data   RO         5342    .conststring        menu_show_data.o
    0x0800c8b5   0x00000003   PAD
    0x0800c8b8   0x00000020   Data   RO         6872    Region$$Table       anon$$obj.o


    Execution Region RW_IRAM1 (Base: 0x20000000, Size: 0x00004bd8, Max: 0x00005000, ABSOLUTE)

    Base Addr    Size         Type   Attr      Idx    E Section Name        Object

    0x20000000   0x0000001c   Data   RW           11    .data               heap_4.o
    0x2000001c   0x00000004   Data   RW          112    .data               port.o
    0x20000020   0x00000040   Data   RW          636    .data               tasks.o
    0x20000060   0x00000014   Data   RW         2693    .data               stm32f10x_rcc.o
    0x20000074   0x0000000c   Data   RW         4257    .data               myrtc.o
    0x20000080   0x00000003   Data   RW         4294    .data               serial.o
    0x20000083   0x00000001   PAD
    0x20000084   0x00000004   Data   RW         4428    .data               key.o
    0x20000088   0x00000001   Data   RW         4499    .data               oled.o
    0x20000089   0x00000002   Data   RW         5174    .data               max30102read.o
    0x2000008b   0x00000001   PAD
    0x2000008c   0x0000000c   Data   RW         5222    .data               dial.o
    0x20000098   0x00000008   Data   RW         5491    .data               dial_hdata.o
    0x200000a0   0x00000006   Data   RW         5548    .data               sport_mode.o
    0x200000a6   0x00000002   PAD
    0x200000a8   0x00000035   Data   RW         5707    .data               inv_mpu.o
    0x200000dd   0x00000003   PAD
    0x200000e0   0x00001400   Zero   RW           10    .bss                heap_4.o
    0x200014e0   0x000000c8   Zero   RW          635    .bss                tasks.o
    0x200015a8   0x00000064   Zero   RW         4293    .bss                serial.o
    0x2000160c   0x00000800   Zero   RW         4498    .bss                oled.o
    0x20001e0c   0x00001760   Zero   RW         5004    .bss                max30102.o
    0x2000356c   0x00000fbc   Zero   RW         5173    .bss                max30102read.o
    0x20004528   0x00000010   Zero   RW         5547    .bss                sport_mode.o
    0x20004538   0x00000010   Zero   RW         6023    .bss                inv_mpu_dmp_motion_driver.o
    0x20004548   0x0000002c   Zero   RW         6380    .bss                c_w.l(localtime.o)
    0x20004574   0x00000060   Zero   RW         6685    .bss                c_w.l(libspace.o)
    0x200045d4   0x00000004   PAD
    0x200045d8   0x00000200   Zero   RW          896    HEAP                startup_stm32f10x_md.o
    0x200047d8   0x00000400   Zero   RW          895    STACK               startup_stm32f10x_md.o


==============================================================================

Image component sizes


      Code (inc. data)   RO Data    RW Data    ZI Data      Debug   Object Name

       132          0          0          0          0       2558   delay.o
       434         38         97         12          0       4465   dial.o
      1626        122          0          0          0       6992   dial_date.o
       848        128          0          8          0       3363   dial_hdata.o
       618         32          0          0          0       4699   ds18b20.o
       172         10          0          0          0        611   encoder.o
         0          0          0          0          0      11944   event_groups.o
       196          4          0          0          0       3319   gpio.o
       520         58          0         28       5120      25283   heap_4.o
      6686        214         80         53          0      27706   inv_mpu.o
      3200        124       3062          0         16      20192   inv_mpu_dmp_motion_driver.o
       304         32          0          4          0       2501   key.o
       124          0          0          0          0       2405   list.o
        84         18          0          0          0       1272   main.o
      2734        114        246          0       5984      14648   max30102.o
       768         58          0          2       4028       3425   max30102read.o
       622         36          0          0          0       2777   menu_show.o
       168         24        801          0          0       2946   menu_show_data.o
       132         22          0          0          0     204623   misc.o
       160          0          0          0          0       1603   mpu6050.o
       544         76          0          0          0       4456   mpu6050_i2c.o
       262         10          0         12          0       2883   myrtc.o
      2092         76          0          1       2048      13335   oled.o
       394          8          0          0          0       1584   oled_addition.o
         0          0       7201          0          0       1861   oled_data.o
       404         48          0          4          0       8452   port.o
      1144         12          0          0          0      11235   queue.o
       352         30          0          3        100       1802   serial.o
       666        156          0          6         16       4335   sport_mode.o
        64         26        236          0       1536        768   startup_stm32f10x_md.o
         0          0          0          0          0       1632   stm32f10x_adc.o
        56         10          0          0          0       1995   stm32f10x_bkp.o
       314          0          0          0          0      12128   stm32f10x_gpio.o
        20          0          0          0          0       2353   stm32f10x_it.o
        12          6          0          0          0        450   stm32f10x_pwr.o
       416         52          0         20          0      14765   stm32f10x_rcc.o
       176         34          0          0          0       3071   stm32f10x_rtc.o
      1112        150          0          0          0      28787   stm32f10x_tim.o
       438          6          0          0          0      11120   stm32f10x_usart.o
       328         28          0          0          0      45009   system_stm32f10x.o
      2504        326          0         64        200      29221   tasks.o
         0          0          0          0          0       2216   timers.o

    ----------------------------------------------------------------------
     30870       2088      11770        224      19048     550790   Object Totals
         0          0         32          0          0          0   (incl. Generated)
        44          0         15          7          0          0   (incl. Padding)

    ----------------------------------------------------------------------

      Code (inc. data)   RO Data    RW Data    ZI Data      Debug   Library Member Name

         8          0          0          0          0         68   __main.o
         0          0          0          0          0          0   __rtentry.o
        12          0          0          0          0          0   __rtentry2.o
         6          0          0          0          0          0   __rtentry4.o
        52          8          0          0          0          0   __scatter.o
        26          0          0          0          0          0   __scatter_copy.o
        28          0          0          0          0          0   __scatter_zi.o
         0          0         12          0          0          0   _monlen.o
        22          0          0          0          0        100   _rserrno.o
        16          0          0          0          0         68   aeabi_memset.o
        12          0          0          0          0         72   exit.o
         6          0          0          0          0        152   heapauxi.o
         0          0          0          0          0          0   indicate_semi.o
         2          0          0          0          0          0   libinit.o
         2          0          0          0          0          0   libinit2.o
         2          0          0          0          0          0   libshutdown.o
         2          0          0          0          0          0   libshutdown2.o
         8          4          0          0         96         68   libspace.o
        72          0          0          0          0         76   llsdiv.o
       238          0          0          0          0        100   lludivv7m.o
        12          6          0          0         44         68   localtime.o
       184          6          0          0          0         80   localtime_internal.o
        88          0          0          0          0         76   memcmp.o
       424         10          0          0          0        124   mktime.o
         8          4          0          0          0         68   rt_errno_addr_intlibspace.o
        68          0          0          0          0         68   rt_memclr.o
        78          0          0          0          0         80   rt_memclr_w.o
       138          0          0          0          0         68   rt_memcpy_v6.o
       100          0          0          0          0         80   rt_memcpy_w.o
         2          0          0          0          0          0   rtexit.o
        10          0          0          0          0          0   rtexit2.o
       128          0          0          0          0         68   strcmpv7m.o
        12          4          0          0          0         68   sys_exit.o
        74          0          0          0          0         80   sys_stackheap_outer.o
         2          0          0          0          0         68   use_no_semi.o
        98          4          0          0          0         92   d2f.o
       826         16          0          0          0        348   daddsub_clz.o
        16          4          0          0          0         68   dcheck1.o
       688        140          0          0          0        208   ddiv.o
        94          4          0          0          0         92   dfix.o
       340         12          0          0          0        104   dmul.o
       156          4          0          0          0         92   dnaninf.o
        12          0          0          0          0         68   dretinf.o
       460         56          0          0          0        120   dsqrt_noumaal.o
        86          4          0          0          0         84   f2d.o
       430          8          0          0          0        168   faddsub_clz.o
        24          0          0          0          0         68   fcmpi.o
       388         76          0          0          0         96   fdiv.o
       104          4          0          0          0         84   feqf.o
        54          4          0          0          0         84   ffix.o
        62          4          0          0          0         84   ffixu.o
        86          0          0          0          0        136   fflt_clz.o
       104          4          0          0          0         84   fleqf.o
       258          4          0          0          0         84   fmul.o
       140          4          0          0          0         84   fnaninf.o
        10          0          0          0          0         68   fretinf.o
        98          0          0          0          0         68   frleqf.o
       100          0          0          0          0         68   retnan.o
        92          0          0          0          0         68   scalbn.o
        48          0          0          0          0         68   trapv.o
         0          0          0          0          0          0   usenofp.o
       624         52         80          0          0        168   asin.o
       544         70        152          0          0        124   atan.o
       384         38          0          0          0        144   atan2.o
        38          6          0          0          0        272   dunder.o
        40          0          0          0          0         68   fpclassify.o
       170          0          0          0          0         96   poly.o
         0          0          8          0          0          0   qnan.o
        76          0          0          0          0         84   sqrt.o

    ----------------------------------------------------------------------
      8520        560        256          0        144       5244   Library Totals
        28          0          4          0          4          0   (incl. Padding)

    ----------------------------------------------------------------------

      Code (inc. data)   RO Data    RW Data    ZI Data      Debug   Library Name

      1842         42         12          0        140       1700   c_w.l
      4774        352          0          0          0       2588   fz_ws.l
      1876        166        240          0          0        956   m_ws.l

    ----------------------------------------------------------------------
      8520        560        256          0        144       5244   Library Totals

    ----------------------------------------------------------------------

==============================================================================


      Code (inc. data)   RO Data    RW Data    ZI Data      Debug   

     39390       2648      12026        224      19192     538506   Grand Totals
     39390       2648      12026        224      19192     538506   ELF Image Totals
     39390       2648      12026        224          0          0   ROM Totals

==============================================================================

    Total RO  Size (Code + RO Data)                51416 (  50.21kB)
    Total RW  Size (RW Data + ZI Data)             19416 (  18.96kB)
    Total ROM Size (Code + RO Data + RW Data)      51640 (  50.43kB)

==============================================================================

